Component: ARM Compiler 5.06 update 1 (build 61) Tool: armlink [4d35a8]

==============================================================================

Section Cross References

    startup_stm32f405xx.o(RESET) refers to startup_stm32f405xx.o(STACK) for __initial_sp
    startup_stm32f405xx.o(RESET) refers to startup_stm32f405xx.o(.text) for Reset_Handler
    startup_stm32f405xx.o(RESET) refers to stm32f4xx_it.o(i.NMI_Handler) for NMI_Handler
    startup_stm32f405xx.o(RESET) refers to stm32f4xx_it.o(i.HardFault_Handler) for HardFault_Handler
    startup_stm32f405xx.o(RESET) refers to stm32f4xx_it.o(i.MemManage_Handler) for MemManage_Handler
    startup_stm32f405xx.o(RESET) refers to stm32f4xx_it.o(i.BusFault_Handler) for BusFault_Handler
    startup_stm32f405xx.o(RESET) refers to stm32f4xx_it.o(i.UsageFault_Handler) for UsageFault_Handler
    startup_stm32f405xx.o(RESET) refers to stm32f4xx_it.o(i.SVC_Handler) for SVC_Handler
    startup_stm32f405xx.o(RESET) refers to stm32f4xx_it.o(i.DebugMon_Handler) for DebugMon_Handler
    startup_stm32f405xx.o(RESET) refers to stm32f4xx_it.o(i.PendSV_Handler) for PendSV_Handler
    startup_stm32f405xx.o(RESET) refers to stm32f4xx_it.o(i.SysTick_Handler) for SysTick_Handler
    startup_stm32f405xx.o(RESET) refers to stm32f4xx_it.o(i.DMA1_Stream2_IRQHandler) for DMA1_Stream2_IRQHandler
    startup_stm32f405xx.o(RESET) refers to stm32f4xx_it.o(i.DMA1_Stream3_IRQHandler) for DMA1_Stream3_IRQHandler
    startup_stm32f405xx.o(RESET) refers to stm32f4xx_it.o(i.DMA1_Stream5_IRQHandler) for DMA1_Stream5_IRQHandler
    startup_stm32f405xx.o(RESET) refers to stm32f4xx_it.o(i.ADC_IRQHandler) for ADC_IRQHandler
    startup_stm32f405xx.o(RESET) refers to stm32f4xx_it.o(i.TIM2_IRQHandler) for TIM2_IRQHandler
    startup_stm32f405xx.o(RESET) refers to stm32f4xx_it.o(i.TIM3_IRQHandler) for TIM3_IRQHandler
    startup_stm32f405xx.o(RESET) refers to stm32f4xx_it.o(i.TIM4_IRQHandler) for TIM4_IRQHandler
    startup_stm32f405xx.o(RESET) refers to stm32f4xx_it.o(i.USART1_IRQHandler) for USART1_IRQHandler
    startup_stm32f405xx.o(RESET) refers to stm32f4xx_it.o(i.USART2_IRQHandler) for USART2_IRQHandler
    startup_stm32f405xx.o(RESET) refers to stm32f4xx_it.o(i.USART3_IRQHandler) for USART3_IRQHandler
    startup_stm32f405xx.o(RESET) refers to stm32f4xx_it.o(i.TIM5_IRQHandler) for TIM5_IRQHandler
    startup_stm32f405xx.o(RESET) refers to stm32f4xx_it.o(i.UART4_IRQHandler) for UART4_IRQHandler
    startup_stm32f405xx.o(RESET) refers to stm32f4xx_it.o(i.TIM6_DAC_IRQHandler) for TIM6_DAC_IRQHandler
    startup_stm32f405xx.o(RESET) refers to stm32f4xx_it.o(i.DMA2_Stream0_IRQHandler) for DMA2_Stream0_IRQHandler
    startup_stm32f405xx.o(RESET) refers to stm32f4xx_it.o(i.DMA2_Stream5_IRQHandler) for DMA2_Stream5_IRQHandler
    startup_stm32f405xx.o(.text) refers to system_stm32f4xx.o(i.SystemInit) for SystemInit
    startup_stm32f405xx.o(.text) refers to entry.o(.ARM.Collect$$$$00000000) for __main
    main.o(i.OutputGpsData) refers to printfa.o(i.__0snprintf) for __2snprintf
    main.o(i.OutputGpsData) refers to strlen.o(.text) for strlen
    main.o(i.OutputGpsData) refers to stm32f4xx_hal_uart.o(i.HAL_UART_Transmit) for HAL_UART_Transmit
    main.o(i.OutputGpsData) refers to main.o(.data) for .data
    main.o(i.OutputGpsData) refers to main.o(.bss) for .bss
    main.o(i.OutputGpsData) refers to usart.o(.bss) for huart4
    main.o(i.ProcessADCData) refers to main.o(.data) for .data
    main.o(i.ProcessADCData) refers to main.o(.bss) for .bss
    main.o(i.ProcessDHT11Data) refers to dht11.o(i.DHT11_Read_Data) for DHT11_Read_Data
    main.o(i.ProcessDHT11Data) refers to main.o(.data) for .data
    main.o(i.ProcessDHT11Data) refers to main.o(.bss) for .bss
    main.o(i.ProcessIMUData) refers to jy931.o(i.JY931_Process) for JY931_Process
    main.o(i.ProcessIMUData) refers to jy931.o(i.JY931_getPitch) for JY931_getPitch
    main.o(i.ProcessIMUData) refers to jy931.o(i.JY931_getRoll) for JY931_getRoll
    main.o(i.ProcessIMUData) refers to jy931.o(i.JY931_getYaw) for JY931_getYaw
    main.o(i.ProcessIMUData) refers to stm32f4xx_it.o(.data) for usart2_rx_complete
    main.o(i.ProcessIMUData) refers to main.o(.bss) for .bss
    main.o(i.SystemClock_Config) refers to memseta.o(.text) for __aeabi_memclr4
    main.o(i.SystemClock_Config) refers to stm32f4xx_hal_rcc.o(i.HAL_RCC_OscConfig) for HAL_RCC_OscConfig
    main.o(i.SystemClock_Config) refers to stm32f4xx_hal_rcc.o(i.HAL_RCC_ClockConfig) for HAL_RCC_ClockConfig
    main.o(i.fputc) refers to stm32f4xx_hal_uart.o(i.HAL_UART_Transmit) for HAL_UART_Transmit
    main.o(i.fputc) refers to usart.o(.bss) for huart3
    main.o(i.integrate_and_fuse_data) refers to stm32f4xx_hal.o(i.HAL_GetTick) for HAL_GetTick
    main.o(i.integrate_and_fuse_data) refers to f2d.o(.text) for __aeabi_f2d
    main.o(i.integrate_and_fuse_data) refers to printfa.o(i.__0snprintf) for __2snprintf
    main.o(i.integrate_and_fuse_data) refers to printfa.o(i.__0printf) for __2printf
[...]
    i.HAL_TIM_Base_Stop                      0x08002b9c   Section        0  stm32f4xx_hal_tim.o(i.HAL_TIM_Base_Stop)
    i.HAL_TIM_ConfigClockSource              0x08002bc2   Section        0  stm32f4xx_hal_tim.o(i.HAL_TIM_ConfigClockSource)
    i.HAL_TIM_IC_CaptureCallback             0x08002c9e   Section        0  stm32f4xx_hal_tim.o(i.HAL_TIM_IC_CaptureCallback)
    i.HAL_TIM_IRQHandler                     0x08002ca0   Section        0  stm32f4xx_hal_tim.o(i.HAL_TIM_IRQHandler)
    i.HAL_TIM_OC_DelayElapsedCallback        0x08002e06   Section        0  stm32f4xx_hal_tim.o(i.HAL_TIM_OC_DelayElapsedCallback)
    i.HAL_TIM_PWM_PulseFinishedCallback      0x08002e08   Section        0  stm32f4xx_hal_tim.o(i.HAL_TIM_PWM_PulseFinishedCallback)
    i.HAL_TIM_PeriodElapsedCallback          0x08002e0c   Section        0  stm32f4xx_it.o(i.HAL_TIM_PeriodElapsedCallback)
    i.HAL_TIM_TriggerCallback                0x08002ec4   Section        0  stm32f4xx_hal_tim.o(i.HAL_TIM_TriggerCallback)
    i.HAL_UARTEx_RxEventCallback             0x08002ec6   Section        0  stm32f4xx_hal_uart.o(i.HAL_UARTEx_RxEventCallback)
    i.HAL_UART_AbortReceive                  0x08002ec8   Section        0  stm32f4xx_hal_uart.o(i.HAL_UART_AbortReceive)
    i.HAL_UART_DMAStop                       0x08002f5c   Section        0  stm32f4xx_hal_uart.o(i.HAL_UART_DMAStop)
    i.HAL_UART_ErrorCallback                 0x08002fcc   Section        0  stm32f4xx_hal_uart.o(i.HAL_UART_ErrorCallback)
    i.HAL_UART_IRQHandler                    0x08002fd0   Section        0  stm32f4xx_hal_uart.o(i.HAL_UART_IRQHandler)
    i.HAL_UART_Init                          0x08003238   Section        0  stm32f4xx_hal_uart.o(i.HAL_UART_Init)
    i.HAL_UART_MspInit                       0x0800329c   Section        0  usart.o(i.HAL_UART_MspInit)
    i.HAL_UART_Receive                       0x0800352c   Section        0  stm32f4xx_hal_uart.o(i.HAL_UART_Receive)
    i.HAL_UART_Receive_DMA                   0x080035ec   Section        0  stm32f4xx_hal_uart.o(i.HAL_UART_Receive_DMA)
    i.HAL_UART_Receive_IT                    0x08003616   Section        0  stm32f4xx_hal_uart.o(i.HAL_UART_Receive_IT)
    i.HAL_UART_RxCpltCallback                0x08003640   Section        0  stm32f4xx_it.o(i.HAL_UART_RxCpltCallback)
    i.HAL_UART_RxHalfCpltCallback            0x0800371c   Section        0  stm32f4xx_hal_uart.o(i.HAL_UART_RxHalfCpltCallback)
    i.HAL_UART_Transmit                      0x08003720   Section        0  stm32f4xx_hal_uart.o(i.HAL_UART_Transmit)
    i.HAL_UART_Transmit_IT                   0x080037d2   Section        0  stm32f4xx_hal_uart.o(i.HAL_UART_Transmit_IT)
    i.HAL_UART_TxCpltCallback                0x08003810   Section        0  stm32f4xx_it.o(i.HAL_UART_TxCpltCallback)
    i.HardFault_Handler                      0x08003824   Section        0  stm32f4xx_it.o(i.HardFault_Handler)
    i.JY931_Process                          0x08003828   Section        0  jy931.o(i.JY931_Process)
    i.JY931_getPitch                         0x080038c4   Section        0  jy931.o(i.JY931_getPitch)
    i.JY931_getRoll                          0x080038d0   Section        0  jy931.o(i.JY931_getRoll)
    i.JY931_getYaw                           0x080038dc   Section        0  jy931.o(i.JY931_getYaw)
    i.KellerBusRead                          0x080038e8   Section        0  keller.o(i.KellerBusRead)
    i.KellerBusRxCpltCallback                0x0800396c   Section        0  keller.o(i.KellerBusRxCpltCallback)
    i.KellerBusSendCmd                       0x080039b0   Section        0  keller.o(i.KellerBusSendCmd)
    i.KellerBusStart                         0x08003a68   Section        0  keller.o(i.KellerBusStart)
    i.KellerBusTxCpltCallback                0x08003a80   Section        0  keller.o(i.KellerBusTxCpltCallback)
    i.KellerInit                             0x08003ac8   Section        0  keller.o(i.KellerInit)
    i.MX_ADC1_Init                           0x08003b0c   Section        0  adc.o(i.MX_ADC1_Init)
    i.MX_DMA_Init                            0x08003bc8   Section        0  dma.o(i.MX_DMA_Init)
    i.MX_GPIO_Init                           0x08003c44   Section        0  gpio.o(i.MX_GPIO_Init)
    i.MX_TIM2_Init                           0x08003d24   Section        0  tim.o(i.MX_TIM2_Init)
    i.MX_TIM3_Init                           0x08003d8c   Section        0  tim.o(i.MX_TIM3_Init)
    i.MX_TIM4_Init                           0x08003df8   Section        0  tim.o(i.MX_TIM4_Init)
    i.MX_TIM5_Init                           0x08003e64   Section        0  tim.o(i.MX_TIM5_Init)
    i.MX_TIM6_Init                           0x08003ecc   Section        0  tim.o(i.MX_TIM6_Init)
    i.MX_UART4_Init                          0x08003f14   Section        0  usart.o(i.MX_UART4_Init)
    i.MX_USART1_UART_Init                    0x08003f4c   Section        0  usart.o(i.MX_USART1_UART_Init)
    i.MX_USART2_UART_Init                    0x08003f84   Section        0  usart.o(i.MX_USART2_UART_Init)
    i.MX_USART3_UART_Init                    0x08003fbc   Section        0  usart.o(i.MX_USART3_UART_Init)
    i.MemManage_Handler                      0x08003ff4   Section        0  stm32f4xx_it.o(i.MemManage_Handler)
    i.MercurySwitch_Check                    0x08003ff8   Section        0  switch.o(i.MercurySwitch_Check)
    i.Motor_AdjustComplete                   0x0800402c   Section        0  motor.o(i.Motor_AdjustComplete)
    i.Motor_Init                             0x08004064   Section        0  motor.o(i.Motor_Init)
    i.Motor_Run                              0x080040b4   Section        0  motor.o(i.Motor_Run)
    i.NMI_Handler                            0x080041b0   Section        0  stm32f4xx_it.o(i.NMI_Handler)
    i.OutputGpsData                          0x080041b4   Section        0  main.o(i.OutputGpsData)
    i.PendSV_Handler                         0x08004248   Section        0  stm32f4xx_it.o(i.PendSV_Handler)
    i.ProcessADCData                         0x0800424c   Section        0  main.o(i.ProcessADCData)
    i.ProcessDHT11Data                       0x08004278   Section        0  main.o(i.ProcessDHT11Data)
    i.ProcessIMUData                         0x080042d0   Section        0  main.o(i.ProcessIMUData)
    i.SVC_Handler                            0x08004308   Section        0  stm32f4xx_it.o(i.SVC_Handler)
    i.SysTick_Handler                        0x0800430a   Section        0  stm32f4xx_it.o(i.SysTick_Handler)
    i.SystemClock_Config                     0x08004310   Section        0  main.o(i.SystemClock_Config)
    i.SystemInit                             0x080043a4   Section        0  system_stm32f4xx.o(i.SystemInit)
    i.TIM2_IRQHandler                        0x080043b4   Section        0  stm32f4xx_it.o(i.TIM2_IRQHandler)
    i.TIM3_IRQHandler                        0x080043c0   Section        0  stm32f4xx_it.o(i.TIM3_IRQHandler)
    i.TIM4_IRQHandler                        0x080043cc   Section        0  stm32f4xx_it.o(i.TIM4_IRQHandler)
    i.TIM5_IRQHandler                        0x080043f8   Section        0  stm32f4xx_it.o(i.TIM5_IRQHandler)
    i.TIM6_DAC_IRQHandler                    0x08004404   Section        0  stm32f4xx_it.o(i.TIM6_DAC_IRQHandler)
    i.TIM_Base_SetConfig                     0x08004410   Section        0  stm32f4xx_hal_tim.o(i.TIM_Base_SetConfig)
    i.TIM_ETR_SetConfig                      0x080044d8   Section        0  stm32f4xx_hal_tim.o(i.TIM_ETR_SetConfig)
    i.TIM_ITRx_SetConfig                     0x080044ec   Section        0  stm32f4xx_hal_tim.o(i.TIM_ITRx_SetConfig)
    TIM_ITRx_SetConfig                       0x080044ed   Thumb Code    16  stm32f4xx_hal_tim.o(i.TIM_ITRx_SetConfig)
    i.TIM_TI1_ConfigInputStage               0x080044fc   Section        0  stm32f4xx_hal_tim.o(i.TIM_TI1_ConfigInputStage)
    TIM_TI1_ConfigInputStage                 0x080044fd   Thumb Code    34  stm32f4xx_hal_tim.o(i.TIM_TI1_ConfigInputStage)
    i.TIM_TI2_ConfigInputStage               0x0800451e   Section        0  stm32f4xx_hal_tim.o(i.TIM_TI2_ConfigInputStage)
    TIM_TI2_ConfigInputStage                 0x0800451f   Thumb Code    36  stm32f4xx_hal_tim.o(i.TIM_TI2_ConfigInputStage)
    i.UART4_IRQHandler                       0x08004544   Section        0  stm32f4xx_it.o(i.UART4_IRQHandler)
    i.UART_DMAAbortOnError                   0x08004550   Section        0  stm32f4xx_hal_uart.o(i.UART_DMAAbortOnError)
    UART_DMAAbortOnError                     0x08004551   Thumb Code    16  stm32f4xx_hal_uart.o(i.UART_DMAAbortOnError)
    i.UART_DMAError                          0x08004560   Section        0  stm32f4xx_hal_uart.o(i.UART_DMAError)
    UART_DMAError                            0x08004561   Thumb Code    74  stm32f4xx_hal_uart.o(i.UART_DMAError)
    i.UART_DMAReceiveCplt                    0x080045aa   Section        0  stm32f4xx_hal_uart.o(i.UART_DMAReceiveCplt)
    UART_DMAReceiveCplt                      0x080045ab   Thumb Code   130  stm32f4xx_hal_uart.o(i.UART_DMAReceiveCplt)
    i.UART_DMARxHalfCplt                     0x0800462c   Section        0  stm32f4xx_hal_uart.o(i.UART_DMARxHalfCplt)
    UART_DMARxHalfCplt                       0x0800462d   Thumb Code    26  stm32f4xx_hal_uart.o(i.UART_DMARxHalfCplt)
    i.UART_EndRxTransfer                     0x08004646   Section        0  stm32f4xx_hal_uart.o(i.UART_EndRxTransfer)
    UART_EndRxTransfer                       0x08004647   Thumb Code    78  stm32f4xx_hal_uart.o(i.UART_EndRxTransfer)
    i.UART_EndTxTransfer                     0x08004694   Section        0  stm32f4xx_hal_uart.o(i.UART_EndTxTransfer)
    UART_EndTxTransfer                       0x08004695   Thumb Code    28  stm32f4xx_hal_uart.o(i.UART_EndTxTransfer)
    i.UART_Receive_IT                        0x080046b0   Section        0  stm32f4xx_hal_uart.o(i.UART_Receive_IT)
    UART_Receive_IT                          0x080046b1   Thumb Code   192  stm32f4xx_hal_uart.o(i.UART_Receive_IT)
    i.UART_SetConfig                         0x08004770   Section        0  stm32f4xx_hal_uart.o(i.UART_SetConfig)
    UART_SetConfig                           0x08004771   Thumb Code   258  stm32f4xx_hal_uart.o(i.UART_SetConfig)
    i.UART_Start_Receive_DMA                 0x0800487c   Section        0  stm32f4xx_hal_uart.o(i.UART_Start_Receive_DMA)
    i.UART_Start_Receive_IT                  0x08004910   Section        0  stm32f4xx_hal_uart.o(i.UART_Start_Receive_IT)
    i.UART_WaitOnFlagUntilTimeout            0x0800494a   Section        0  stm32f4xx_hal_uart.o(i.UART_WaitOnFlagUntilTimeout)
    UART_WaitOnFlagUntilTimeout              0x0800494b   Thumb Code   120  stm32f4xx_hal_uart.o(i.UART_WaitOnFlagUntilTimeout)
    i.USART1_IRQHandler                      0x080049c4   Section        0  stm32f4xx_it.o(i.USART1_IRQHandler)
    i.USART2_IRQHandler                      0x080049d0   Section        0  stm32f4xx_it.o(i.USART2_IRQHandler)
    i.USART3_IRQHandler                      0x08004a30   Section        0  stm32f4xx_it.o(i.USART3_IRQHandler)
    i.UsageFault_Handler                     0x08004a3c   Section        0  stm32f4xx_it.o(i.UsageFault_Handler)
    i.User_USART_Init                        0x08004a40   Section        0  jy931.o(i.User_USART_Init)
    i.__0printf                              0x08004a68   Section        0  printfa.o(i.__0printf)
    i.__0snprintf                            0x08004a88   Section        0  printfa.o(i.__0snprintf)
    i.__NVIC_SetPriority                     0x08004ab0   Section        0  stm32f4xx_hal_cortex.o(i.__NVIC_SetPriority)
    __NVIC_SetPriority                       0x08004ab1   Thumb Code    32  stm32f4xx_hal_cortex.o(i.__NVIC_SetPriority)
    i.__hardfp_atof                          0x08004ad0   Section        0  atof.o(i.__hardfp_atof)
    i.__read_errno                           0x08004b08   Section        0  errno.o(i.__read_errno)
    i.__scatterload_copy                     0x08004b14   Section       14  handlers.o(i.__scatterload_copy)
    i.__scatterload_null                     0x08004b22   Section        2  handlers.o(i.__scatterload_null)
    i.__scatterload_zeroinit                 0x08004b24   Section       14  handlers.o(i.__scatterload_zeroinit)
    i.__set_errno                            0x08004b34   Section        0  errno.o(i.__set_errno)
    i._fp_digits                             0x08004b40   Section        0  printfa.o(i._fp_digits)
    _fp_digits                               0x08004b41   Thumb Code   334  printfa.o(i._fp_digits)
    i._is_digit                              0x08004ca4   Section        0  scanf_fp.o(i._is_digit)
    i._printf_core                           0x08004cb4   Section        0  printfa.o(i._printf_core)
    _printf_core                             0x08004cb5   Thumb Code  1744  printfa.o(i._printf_core)
    i._printf_post_padding                   0x08005390   Section        0  printfa.o(i._printf_post_padding)
    _printf_post_padding                     0x08005391   Thumb Code    36  printfa.o(i._printf_post_padding)
    i._printf_pre_padding                    0x080053b4   Section        0  printfa.o(i._printf_pre_padding)
    _printf_pre_padding                      0x080053b5   Thumb Code    46  printfa.o(i._printf_pre_padding)
    i._snputc                                0x080053e2   Section        0  printfa.o(i._snputc)
    _snputc                                  0x080053e3   Thumb Code    22  printfa.o(i._snputc)
    i.fputc                                  0x080053f8   Section        0  main.o(i.fputc)
    i.integrate_and_fuse_data                0x08005410   Section        0  main.o(i.integrate_and_fuse_data)
    i.main                                   0x0800575c   Section        0  main.o(i.main)
    i.parseGpsBuffer                         0x08005ac8   Section        0  gps.o(i.parseGpsBuffer)
    i.parseRMC                               0x08005b14   Section        0  gps.o(i.parseRMC)
    i.processGpsData                         0x08005d64   Section        0  gps.o(i.processGpsData)
    .constdata                               0x08005e04   Section        8  stm32f4xx_hal_dma.o(.constdata)
    flagBitshiftOffset                       0x08005e04   Data           8  stm32f4xx_hal_dma.o(.constdata)
    .constdata                               0x08005e0c   Section       16  system_stm32f4xx.o(.constdata)
    .constdata                               0x08005e1c   Section        8  system_stm32f4xx.o(.constdata)
    .constdata                               0x08005e24   Section       64  ctype_c.o(.constdata)
    .conststring                             0x08005e64   Section      248  main.o(.conststring)
    .data                                    0x20000000   Section       52  main.o(.data)
    last_pitch                               0x2000001c   Data           4  main.o(.data)
    last_roll                                0x20000020   Data           4  main.o(.data)
    last_yaw                                 0x20000024   Data           4  main.o(.data)
    .data                                    0x20000034   Section        1  stm32f4xx_it.o(.data)
    .data                                    0x20000038   Section       12  stm32f4xx_hal.o(.data)
    .data                                    0x20000044   Section        4  system_stm32f4xx.o(.data)
    .data                                    0x20000048   Section       12  keller.o(.data)
    _stepFlag_KellerBusRead                  0x20000049   Data           1  keller.o(.data)
    _lastHalTick_KellerBusRead               0x20000050   Data           4  keller.o(.data)
    .data                                    0x20000054   Section        8  jy931.o(.data)
    .data                                    0x2000005c   Section        2  gps.o(.data)
    .data                                    0x20000060   Section       20  gps.o(.data)
    .data                                    0x20000074   Section       48  switch.o(.data)
    .data                                    0x200000a4   Section        4  strtok.o(.data)
    state                                    0x200000a4   Data           4  strtok.o(.data)
    .data                                    0x200000a8   Section        4  stdout.o(.data)
    .data                                    0x200000ac   Section        4  errno.o(.data)
    _errno                                   0x200000ac   Data           4  errno.o(.data)
    .bss                                     0x200000b0   Section       82  main.o(.bss)
    .bss                                     0x20000104   Section      168  adc.o(.bss)
    .bss                                     0x200001ac   Section      360  tim.o(.bss)
    .bss                                     0x20000314   Section      656  usart.o(.bss)
    .bss                                     0x200005a4   Section       20  keller.o(.bss)
    .bss                                     0x200005b8   Section       72  jy931.o(.bss)
    .bss                                     0x20000600   Section     1067  gps.o(.bss)
    .bss                                     0x20000a2c   Section      570  gps.o(.bss)
    STACK                                    0x20000c68   Section     1024  startup_stm32f405xx.o(STACK)

    Global Symbols

    Symbol Name                              Value     Ov Type        Size  Object(Section)

    BuildAttributes$$THM_ISAv4$E$P$D$K$B$S$7EM$VFPi3$EXTD16$VFPS$VFMA$PE$A:L22UL41UL21$X:L11$S22US41US21$IEEE1$IW$USESV6$~STKCKD$USESV7$~SHL$OTIME$ROPI$IEEEX$EBA8$MICROLIB$REQ8$PRES8$EABIv2 0x00000000   Number         0  anon$$obj.o ABSOLUTE
    __ARM_use_no_argv                        0x00000000   Number         0  main.o ABSOLUTE
    _printf_a                                0x00000000   Number         0  stubs.o ABSOLUTE
    _printf_c                                0x00000000   Number         0  stubs.o ABSOLUTE
    _printf_charcount                        0x00000000   Number         0  stubs.o ABSOLUTE
    _printf_d                                0x00000000   Number         0  stubs.o ABSOLUTE
    _printf_e                                0x00000000   Number         0  stubs.o ABSOLUTE
    _printf_f                                0x00000000   Number         0  stubs.o ABSOLUTE
    _printf_flags                            0x00000000   Number         0  stubs.o ABSOLUTE
    _printf_fp_dec                           0x00000000   Number         0  stubs.o ABSOLUTE
    _printf_fp_hex                           0x00000000   Number         0  stubs.o ABSOLUTE
    _printf_g                                0x00000000   Number         0  stubs.o ABSOLUTE
    _printf_i                                0x00000000   Number         0  stubs.o ABSOLUTE
    _printf_int_dec                          0x00000000   Number         0  stubs.o ABSOLUTE
    _printf_l                                0x00000000   Number         0  stubs.o ABSOLUTE
    _printf_lc                               0x00000000   Number         0  stubs.o ABSOLUTE
    _printf_ll                               0x00000000   Number         0  stubs.o ABSOLUTE
    _printf_lld                              0x00000000   Number         0  stubs.o ABSOLUTE
    _printf_lli                              0x00000000   Number         0  stubs.o ABSOLUTE
    _printf_llo                              0x00000000   Number         0  stubs.o ABSOLUTE
    _printf_llu                              0x00000000   Number         0  stubs.o ABSOLUTE
    _printf_llx                              0x00000000   Number         0  stubs.o ABSOLUTE
    _printf_longlong_dec                     0x00000000   Number         0  stubs.o ABSOLUTE
    _printf_longlong_hex                     0x00000000   Number         0  stubs.o ABSOLUTE
    _printf_longlong_oct                     0x00000000   Number         0  stubs.o ABSOLUTE
    _printf_ls                               0x00000000   Number         0  stubs.o ABSOLUTE
    _printf_mbtowc                           0x00000000   Number         0  stubs.o ABSOLUTE
    _printf_n                                0x00000000   Number         0  stubs.o ABSOLUTE
    _printf_o                                0x00000000   Number         0  stubs.o ABSOLUTE
    _printf_p                                0x00000000   Number         0  stubs.o ABSOLUTE
    _printf_percent                          0x00000000   Number         0  stubs.o ABSOLUTE
    _printf_pre_padding                      0x00000000   Number         0  stubs.o ABSOLUTE
    _printf_return_value                     0x00000000   Number         0  stubs.o ABSOLUTE
    _printf_s                                0x00000000   Number         0  stubs.o ABSOLUTE
    _printf_sizespec                         0x00000000   Number         0  stubs.o ABSOLUTE
    _printf_str                              0x00000000   Number         0  stubs.o ABSOLUTE
    _printf_truncate_signed                  0x00000000   Number         0  stubs.o ABSOLUTE
    _printf_truncate_unsigned                0x00000000   Number         0  stubs.o ABSOLUTE
    _printf_u                                0x00000000   Number         0  stubs.o ABSOLUTE
    _printf_wc                               0x00000000   Number         0  stubs.o ABSOLUTE
    _printf_wctomb                           0x00000000   Number         0  stubs.o ABSOLUTE
    _printf_widthprec                        0x00000000   Number         0  stubs.o ABSOLUTE
    _printf_x                                0x00000000   Number         0  stubs.o ABSOLUTE
    __cpp_initialize__aeabi_                  - Undefined Weak Reference
    __cxa_finalize                            - Undefined Weak Reference
    __decompress                              - Undefined Weak Reference
    _clock_init                               - Undefined Weak Reference
    _microlib_exit                            - Undefined Weak Reference
    _scanf_int                                - Undefined Weak Reference
    _scanf_longlong                           - Undefined Weak Reference
    __Vectors_Size                           0x00000188   Number         0  startup_stm32f405xx.o ABSOLUTE
    __Vectors                                0x08000000   Data           4  startup_stm32f405xx.o(RESET)
    __Vectors_End                            0x08000188   Data           0  startup_stm32f405xx.o(RESET)
    __main                                   0x08000189   Thumb Code     0  entry.o(.ARM.Collect$$$$00000000)
    _main_stk                                0x08000189   Thumb Code     0  entry2.o(.ARM.Collect$$$$00000001)
    _main_scatterload                        0x0800018d   Thumb Code     0  entry5.o(.ARM.Collect$$$$00000004)
    __main_after_scatterload                 0x08000191   Thumb Code     0  entry5.o(.ARM.Collect$$$$00000004)
    _main_clock                              0x08000191   Thumb Code     0  entry7b.o(.ARM.Collect$$$$00000008)
    _main_cpp_init                           0x08000191   Thumb Code     0  entry8b.o(.ARM.Collect$$$$0000000A)
    _main_init                               0x08000191   Thumb Code     0  entry9a.o(.ARM.Collect$$$$0000000B)
    __rt_final_cpp                           0x08000199   Thumb Code     0  entry10a.o(.ARM.Collect$$$$0000000D)
    __rt_final_exit                          0x08000199   Thumb Code     0  entry11a.o(.ARM.Collect$$$$0000000F)
    Reset_Handler                            0x0800019d   Thumb Code     8  startup_stm32f405xx.o(.text)
    CAN1_RX0_IRQHandler                      0x080001b7   Thumb Code     0  startup_stm32f405xx.o(.text)
    CAN1_RX1_IRQHandler                      0x080001b7   Thumb Code     0  startup_stm32f405xx.o(.text)
    CAN1_SCE_IRQHandler                      0x080001b7   Thumb Code     0  startup_stm32f405xx.o(.text)
    CAN1_TX_IRQHandler                       0x080001b7   Thumb Code     0  startup_stm32f405xx.o(.text)
    CAN2_RX0_IRQHandler                      0x080001b7   Thumb Code     0  startup_stm32f405xx.o(.text)
    CAN2_RX1_IRQHandler                      0x080001b7   Thumb Code     0  startup_stm32f405xx.o(.text)
    CAN2_SCE_IRQHandler                      0x080001b7   Thumb Code     0  startup_stm32f405xx.o(.text)
    CAN2_TX_IRQHandler                       0x080001b7   Thumb Code     0  startup_stm32f405xx.o(.text)
    DMA1_Stream0_IRQHandler                  0x080001b7   Thumb Code     0  startup_stm32f405xx.o(.text)
    DMA1_Stream1_IRQHandler                  0x080001b7   Thumb Code     0  startup_stm32f405xx.o(.text)
    DMA1_Stream4_IRQHandler                  0x080001b7   Thumb Code     0  startup_stm32f405xx.o(.text)
    DMA1_Stream6_IRQHandler                  0x080001b7   Thumb Code     0  startup_stm32f405xx.o(.text)
    DMA1_Stream7_IRQHandler                  0x080001b7   Thumb Code     0  startup_stm32f405xx.o(.text)
    DMA2_Stream1_IRQHandler                  0x080001b7   Thumb Code     0  startup_stm32f405xx.o(.text)
    DMA2_Stream2_IRQHandler                  0x080001b7   Thumb Code     0  startup_stm32f405xx.o(.text)
    DMA2_Stream3_IRQHandler                  0x080001b7   Thumb Code     0  startup_stm32f405xx.o(.text)
    DMA2_Stream4_IRQHandler                  0x080001b7   Thumb Code     0  startup_stm32f405xx.o(.text)
    DMA2_Stream6_IRQHandler                  0x080001b7   Thumb Code     0  startup_stm32f405xx.o(.text)
    DMA2_Stream7_IRQHandler                  0x080001b7   Thumb Code     0  startup_stm32f405xx.o(.text)
    EXTI0_IRQHandler                         0x080001b7   Thumb Code     0  startup_stm32f405xx.o(.text)
    EXTI15_10_IRQHandler                     0x080001b7   Thumb Code     0  startup_stm32f405xx.o(.text)
    EXTI1_IRQHandler                         0x080001b7   Thumb Code     0  startup_stm32f405xx.o(.text)
    EXTI2_IRQHandler                         0x080001b7   Thumb Code     0  startup_stm32f405xx.o(.text)
    EXTI3_IRQHandler                         0x080001b7   Thumb Code     0  startup_stm32f405xx.o(.text)
    EXTI4_IRQHandler                         0x080001b7   Thumb Code     0  startup_stm32f405xx.o(.text)
    EXTI9_5_IRQHandler                       0x080001b7   Thumb Code     0  startup_stm32f405xx.o(.text)
    FLASH_IRQHandler                         0x080001b7   Thumb Code     0  startup_stm32f405xx.o(.text)
    FMC_IRQHandler                           0x080001b7   Thumb Code     0  startup_stm32f405xx.o(.text)
    FPU_IRQHandler                           0x080001b7   Thumb Code     0  startup_stm32f405xx.o(.text)
    HASH_RNG_IRQHandler                      0x080001b7   Thumb Code     0  startup_stm32f405xx.o(.text)
    I2C1_ER_IRQHandler                       0x080001b7   Thumb Code     0  startup_stm32f405xx.o(.text)
    I2C1_EV_IRQHandler                       0x080001b7   Thumb Code     0  startup_stm32f405xx.o(.text)
    I2C2_ER_IRQHandler                       0x080001b7   Thumb Code     0  startup_stm32f405xx.o(.text)
    I2C2_EV_IRQHandler                       0x080001b7   Thumb Code     0  startup_stm32f405xx.o(.text)
    I2C3_ER_IRQHandler                       0x080001b7   Thumb Code     0  startup_stm32f405xx.o(.text)
    I2C3_EV_IRQHandler                       0x080001b7   Thumb Code     0  startup_stm32f405xx.o(.text)
    OTG_FS_IRQHandler                        0x080001b7   Thumb Code     0  startup_stm32f405xx.o(.text)
    OTG_FS_WKUP_IRQHandler                   0x080001b7   Thumb Code     0  startup_stm32f405xx.o(.text)
    OTG_HS_EP1_IN_IRQHandler                 0x080001b7   Thumb Code     0  startup_stm32f405xx.o(.text)
    OTG_HS_EP1_OUT_IRQHandler                0x080001b7   Thumb Code     0  startup_stm32f405xx.o(.text)
    OTG_HS_IRQHandler                        0x080001b7   Thumb Code     0  startup_stm32f405xx.o(.text)
    OTG_HS_WKUP_IRQHandler                   0x080001b7   Thumb Code     0  startup_stm32f405xx.o(.text)
    PVD_IRQHandler                           0x080001b7   Thumb Code     0  startup_stm32f405xx.o(.text)
    RCC_IRQHandler                           0x080001b7   Thumb Code     0  startup_stm32f405xx.o(.text)
    RTC_Alarm_IRQHandler                     0x080001b7   Thumb Code     0  startup_stm32f405xx.o(.text)
    RTC_WKUP_IRQHandler                      0x080001b7   Thumb Code     0  startup_stm32f405xx.o(.text)
    SDIO_IRQHandler                          0x080001b7   Thumb Code     0  startup_stm32f405xx.o(.text)
    SPI1_IRQHandler                          0x080001b7   Thumb Code     0  startup_stm32f405xx.o(.text)
    SPI2_IRQHandler                          0x080001b7   Thumb Code     0  startup_stm32f405xx.o(.text)
    SPI3_IRQHandler                          0x080001b7   Thumb Code     0  startup_stm32f405xx.o(.text)
    TAMP_STAMP_IRQHandler                    0x080001b7   Thumb Code     0  startup_stm32f405xx.o(.text)
    TIM1_BRK_TIM9_IRQHandler                 0x080001b7   Thumb Code     0  startup_stm32f405xx.o(.text)
    TIM1_CC_IRQHandler                       0x080001b7   Thumb Code     0  startup_stm32f405xx.o(.text)
    TIM1_TRG_COM_TIM11_IRQHandler            0x080001b7   Thumb Code     0  startup_stm32f405xx.o(.text)
    TIM1_UP_TIM10_IRQHandler                 0x080001b7   Thumb Code     0  startup_stm32f405xx.o(.text)
    TIM7_IRQHandler                          0x080001b7   Thumb Code     0  startup_stm32f405xx.o(.text)
    TIM8_BRK_TIM12_IRQHandler                0x080001b7   Thumb Code     0  startup_stm32f405xx.o(.text)
    TIM8_CC_IRQHandler                       0x080001b7   Thumb Code     0  startup_stm32f405xx.o(.text)
    TIM8_TRG_COM_TIM14_IRQHandler            0x080001b7   Thumb Code     0  startup_stm32f405xx.o(.text)
    TIM8_UP_TIM13_IRQHandler                 0x080001b7   Thumb Code     0  startup_stm32f405xx.o(.text)
    UART5_IRQHandler                         0x080001b7   Thumb Code     0  startup_stm32f405xx.o(.text)
    USART6_IRQHandler                        0x080001b7   Thumb Code     0  startup_stm32f405xx.o(.text)
    WWDG_IRQHandler                          0x080001b7   Thumb Code     0  startup_stm32f405xx.o(.text)
    __aeabi_uldivmod                         0x080001c1   Thumb Code    98  uldiv.o(.text)
    __aeabi_memcpy                           0x08000223   Thumb Code    36  memcpya.o(.text)
    __aeabi_memcpy4                          0x08000223   Thumb Code     0  memcpya.o(.text)
    __aeabi_memcpy8                          0x08000223   Thumb Code     0  memcpya.o(.text)
    __aeabi_memset                           0x08000247   Thumb Code    14  memseta.o(.text)
    __aeabi_memset4                          0x08000247   Thumb Code     0  memseta.o(.text)
    __aeabi_memset8                          0x08000247   Thumb Code     0  memseta.o(.text)
    __aeabi_memclr                           0x08000255   Thumb Code     4  memseta.o(.text)
    __aeabi_memclr4                          0x08000255   Thumb Code     0  memseta.o(.text)
    __aeabi_memclr8                          0x08000255   Thumb Code     0  memseta.o(.text)
    _memset$wrapper                          0x08000259   Thumb Code    18  memseta.o(.text)
    strstr                                   0x0800026b   Thumb Code    36  strstr.o(.text)
    strlen                                   0x0800028f   Thumb Code    14  strlen.o(.text)
    strncmp                                  0x0800029d   Thumb Code    30  strncmp.o(.text)
    strtok                                   0x080002bd   Thumb Code    62  strtok.o(.text)
    __0sscanf                                0x08000301   Thumb Code    48  __0sscanf.o(.text)
    _scanf_string                            0x08000339   Thumb Code   224  _scanf_str.o(.text)
    __aeabi_dmul                             0x08000419   Thumb Code   228  dmul.o(.text)
    __aeabi_f2d                              0x080004fd   Thumb Code    38  f2d.o(.text)
    __aeabi_d2f                              0x08000523   Thumb Code    56  d2f.o(.text)
    __aeabi_uidiv                            0x0800055b   Thumb Code     0  uidiv.o(.text)
    __aeabi_uidivmod                         0x0800055b   Thumb Code    44  uidiv.o(.text)
    __aeabi_llsl                             0x08000587   Thumb Code    30  llshl.o(.text)
    _ll_shift_l                              0x08000587   Thumb Code     0  llshl.o(.text)
    __aeabi_llsr                             0x080005a5   Thumb Code    32  llushr.o(.text)
    _ll_ushift_r                             0x080005a5   Thumb Code     0  llushr.o(.text)
    __vfscanf_char                           0x080005d1   Thumb Code    20  scanf_char.o(.text)
    _sgetc                                   0x080005ed   Thumb Code    30  _sgetc.o(.text)
    _sbackspace                              0x0800060b   Thumb Code    34  _sgetc.o(.text)
    __strtod_int                             0x08000663   Thumb Code    88  strtod.o(.text)
    __I$use$fp                               0x080006c9   Thumb Code     0  iusefp.o(.text)
    _float_round                             0x080006c9   Thumb Code    18  fepilogue.o(.text)
    _float_epilogue                          0x080006db   Thumb Code    92  fepilogue.o(.text)
    _double_round                            0x08000737   Thumb Code    30  depilogue.o(.text)
    _double_epilogue                         0x08000755   Thumb Code   156  depilogue.o(.text)
    __aeabi_dadd                             0x080007f1   Thumb Code   322  dadd.o(.text)
    __aeabi_dsub                             0x08000933   Thumb Code     6  dadd.o(.text)
    __aeabi_drsub                            0x08000939   Thumb Code     6  dadd.o(.text)
    __aeabi_ddiv                             0x0800093f   Thumb Code   222  ddiv.o(.text)
    __aeabi_d2ulz                            0x08000a1d   Thumb Code    48  dfixul.o(.text)
    __aeabi_cdrcmple                         0x08000a4d   Thumb Code    48  cdrcmple.o(.text)
    __scatterload                            0x08000a7d   Thumb Code    28  init.o(.text)
    __scatterload_rt2                        0x08000a7d   Thumb Code     0  init.o(.text)
    __aeabi_lasr                             0x08000aa1   Thumb Code    36  llsshr.o(.text)
    _ll_sshift_r                             0x08000aa1   Thumb Code     0  llsshr.o(.text)
    isspace                                  0x08000ac5   Thumb Code    10  isspace_c.o(.text)
    __vfscanf                                0x08000ad1   Thumb Code   808  _scanf.o(.text)
    _scanf_real                              0x08000efd   Thumb Code     0  scanf_fp.o(.text)
    _scanf_really_real                       0x08000efd   Thumb Code   556  scanf_fp.o(.text)
    __ctype_lookup                           0x08001135   Thumb Code    34  ctype_c.o(.text)
    __aeabi_ul2d                             0x0800115d   Thumb Code    24  dfltul.o(.text)
    ADC_IRQHandler                           0x08001205   Thumb Code     6  stm32f4xx_it.o(i.ADC_IRQHandler)
    AdjustPlane                              0x08001339   Thumb Code   164  motor.o(i.AdjustPlane)
    BusFault_Handler                         0x08001409   Thumb Code     2  stm32f4xx_it.o(i.BusFault_Handler)
    DHT11_Check                              0x0800140b   Thumb Code    88  dht11.o(i.DHT11_Check)
    DHT11_Read_Bit                           0x08001463   Thumb Code    86  dht11.o(i.DHT11_Read_Bit)
    DHT11_Read_Byte                          0x080014b9   Thumb Code    38  dht11.o(i.DHT11_Read_Byte)
    DHT11_Read_Data                          0x080014df   Thumb Code    92  dht11.o(i.DHT11_Read_Data)
    DHT11_Rst                                0x0800153d   Thumb Code    46  dht11.o(i.DHT11_Rst)
    DMA1_Stream2_IRQHandler                  0x08001571   Thumb Code     6  stm32f4xx_it.o(i.DMA1_Stream2_IRQHandler)
    DMA1_Stream3_IRQHandler                  0x0800157d   Thumb Code     6  stm32f4xx_it.o(i.DMA1_Stream3_IRQHandler)
    DMA1_Stream5_IRQHandler                  0x08001589   Thumb Code     6  stm32f4xx_it.o(i.DMA1_Stream5_IRQHandler)
    DMA2_Stream0_IRQHandler                  0x08001595   Thumb Code     6  stm32f4xx_it.o(i.DMA2_Stream0_IRQHandler)
    DMA2_Stream5_IRQHandler                  0x080015a1   Thumb Code     6  stm32f4xx_it.o(i.DMA2_Stream5_IRQHandler)
    DebugMon_Handler                         0x08001651   Thumb Code     2  stm32f4xx_it.o(i.DebugMon_Handler)
    Delay_us                                 0x08001655   Thumb Code    36  dht11.o(i.Delay_us)
    Dht11_DATA_IN                            0x0800167d   Thumb Code    36  dht11.o(i.Dht11_DATA_IN)
    Dht11_DATA_OUT                           0x080016a5   Thumb Code    38  dht11.o(i.Dht11_DATA_OUT)
    Error_Handler                            0x080016d1   Thumb Code     4  main.o(i.Error_Handler)
    GPS_Init                                 0x080016d5   Thumb Code    48  gps.o(i.GPS_Init)
    HAL_ADCEx_InjectedConvCpltCallback       0x08001771   Thumb Code     2  stm32f4xx_hal_adc_ex.o(i.HAL_ADCEx_InjectedConvCpltCallback)
    HAL_ADC_ConfigChannel                    0x08001775   Thumb Code   316  stm32f4xx_hal_adc.o(i.HAL_ADC_ConfigChannel)
    HAL_ADC_ConvCpltCallback                 0x080018c1   Thumb Code    16  stm32f4xx_it.o(i.HAL_ADC_ConvCpltCallback)
    HAL_ADC_ConvHalfCpltCallback             0x080018d9   Thumb Code     2  stm32f4xx_hal_adc.o(i.HAL_ADC_ConvHalfCpltCallback)
    HAL_ADC_ErrorCallback                    0x080018db   Thumb Code     2  stm32f4xx_hal_adc.o(i.HAL_ADC_ErrorCallback)
    HAL_ADC_IRQHandler                       0x080018dd   Thumb Code   302  stm32f4xx_hal_adc.o(i.HAL_ADC_IRQHandler)
    HAL_ADC_Init                             0x08001a0b   Thumb Code    84  stm32f4xx_hal_adc.o(i.HAL_ADC_Init)
    HAL_ADC_LevelOutOfWindowCallback         0x08001a5f   Thumb Code     2  stm32f4xx_hal_adc.o(i.HAL_ADC_LevelOutOfWindowCallback)
    HAL_ADC_MspInit                          0x08001a61   Thumb Code   148  adc.o(i.HAL_ADC_MspInit)
    HAL_ADC_Start_DMA                        0x08001b09   Thumb Code   302  stm32f4xx_hal_adc.o(i.HAL_ADC_Start_DMA)
    HAL_DMA_Abort                            0x08001c5d   Thumb Code   146  stm32f4xx_hal_dma.o(i.HAL_DMA_Abort)
    HAL_DMA_Abort_IT                         0x08001cef   Thumb Code    36  stm32f4xx_hal_dma.o(i.HAL_DMA_Abort_IT)
    HAL_DMA_GetError                         0x08001d13   Thumb Code     4  stm32f4xx_hal_dma.o(i.HAL_DMA_GetError)
    HAL_DMA_IRQHandler                       0x08001d19   Thumb Code   412  stm32f4xx_hal_dma.o(i.HAL_DMA_IRQHandler)
    HAL_DMA_Init                             0x08001eb9   Thumb Code   206  stm32f4xx_hal_dma.o(i.HAL_DMA_Init)
    HAL_DMA_Start_IT                         0x08001f8d   Thumb Code   110  stm32f4xx_hal_dma.o(i.HAL_DMA_Start_IT)
    HAL_Delay                                0x08001ffd   Thumb Code    32  stm32f4xx_hal.o(i.HAL_Delay)
    HAL_GPIO_Init                            0x08002021   Thumb Code   450  stm32f4xx_hal_gpio.o(i.HAL_GPIO_Init)
    HAL_GPIO_ReadPin                         0x08002211   Thumb Code    10  stm32f4xx_hal_gpio.o(i.HAL_GPIO_ReadPin)
    HAL_GPIO_TogglePin                       0x0800221b   Thumb Code    16  stm32f4xx_hal_gpio.o(i.HAL_GPIO_TogglePin)
    HAL_GPIO_WritePin                        0x0800222b   Thumb Code    10  stm32f4xx_hal_gpio.o(i.HAL_GPIO_WritePin)
    HAL_GetTick                              0x08002235   Thumb Code     6  stm32f4xx_hal.o(i.HAL_GetTick)
    HAL_IncTick                              0x08002241   Thumb Code    12  stm32f4xx_hal.o(i.HAL_IncTick)
    HAL_Init                                 0x08002251   Thumb Code    48  stm32f4xx_hal.o(i.HAL_Init)
    HAL_InitTick                             0x08002285   Thumb Code    54  stm32f4xx_hal.o(i.HAL_InitTick)
    HAL_MspInit                              0x080022c5   Thumb Code    42  stm32f4xx_hal_msp.o(i.HAL_MspInit)
    HAL_NVIC_EnableIRQ                       0x080022f5   Thumb Code    26  stm32f4xx_hal_cortex.o(i.HAL_NVIC_EnableIRQ)
    HAL_NVIC_SetPriority                     0x08002311   Thumb Code    60  stm32f4xx_hal_cortex.o(i.HAL_NVIC_SetPriority)
    HAL_NVIC_SetPriorityGrouping             0x08002351   Thumb Code    26  stm32f4xx_hal_cortex.o(i.HAL_NVIC_SetPriorityGrouping)
    HAL_RCC_ClockConfig                      0x08002375   Thumb Code   288  stm32f4xx_hal_rcc.o(i.HAL_RCC_ClockConfig)
    HAL_RCC_GetPCLK1Freq                     0x080024a9   Thumb Code    20  stm32f4xx_hal_rcc.o(i.HAL_RCC_GetPCLK1Freq)
    HAL_RCC_GetPCLK2Freq                     0x080024c9   Thumb Code    20  stm32f4xx_hal_rcc.o(i.HAL_RCC_GetPCLK2Freq)
    HAL_RCC_GetSysClockFreq                  0x080024e9   Thumb Code    88  stm32f4xx_hal_rcc.o(i.HAL_RCC_GetSysClockFreq)
    HAL_RCC_OscConfig                        0x08002549   Thumb Code   856  stm32f4xx_hal_rcc.o(i.HAL_RCC_OscConfig)
    HAL_SYSTICK_Config                       0x080028b5   Thumb Code    40  stm32f4xx_hal_cortex.o(i.HAL_SYSTICK_Config)
    HAL_TIMEx_BreakCallback                  0x080028dd   Thumb Code     2  stm32f4xx_hal_tim_ex.o(i.HAL_TIMEx_BreakCallback)
    HAL_TIMEx_CommutCallback                 0x080028df   Thumb Code     2  stm32f4xx_hal_tim_ex.o(i.HAL_TIMEx_CommutCallback)
    HAL_TIMEx_MasterConfigSynchronization    0x080028e1   Thumb Code   116  stm32f4xx_hal_tim_ex.o(i.HAL_TIMEx_MasterConfigSynchronization)
    HAL_TIM_Base_Init                        0x08002971   Thumb Code    90  stm32f4xx_hal_tim.o(i.HAL_TIM_Base_Init)
    HAL_TIM_Base_MspInit                     0x080029cd   Thumb Code   194  tim.o(i.HAL_TIM_Base_MspInit)
    HAL_TIM_Base_Start                       0x08002aa5   Thumb Code    90  stm32f4xx_hal_tim.o(i.HAL_TIM_Base_Start)
    HAL_TIM_Base_Start_IT                    0x08002b1d   Thumb Code   100  stm32f4xx_hal_tim.o(i.HAL_TIM_Base_Start_IT)
    HAL_TIM_Base_Stop                        0x08002b9d   Thumb Code    38  stm32f4xx_hal_tim.o(i.HAL_TIM_Base_Stop)
    HAL_TIM_ConfigClockSource                0x08002bc3   Thumb Code   220  stm32f4xx_hal_tim.o(i.HAL_TIM_ConfigClockSource)
    HAL_TIM_IC_CaptureCallback               0x08002c9f   Thumb Code     2  stm32f4xx_hal_tim.o(i.HAL_TIM_IC_CaptureCallback)
    HAL_TIM_IRQHandler                       0x08002ca1   Thumb Code   358  stm32f4xx_hal_tim.o(i.HAL_TIM_IRQHandler)
    HAL_TIM_OC_DelayElapsedCallback          0x08002e07   Thumb Code     2  stm32f4xx_hal_tim.o(i.HAL_TIM_OC_DelayElapsedCallback)
    HAL_TIM_PWM_PulseFinishedCallback        0x08002e09   Thumb Code     2  stm32f4xx_hal_tim.o(i.HAL_TIM_PWM_PulseFinishedCallback)
    HAL_TIM_PeriodElapsedCallback            0x08002e0d   Thumb Code   102  stm32f4xx_it.o(i.HAL_TIM_PeriodElapsedCallback)
    HAL_TIM_TriggerCallback                  0x08002ec5   Thumb Code     2  stm32f4xx_hal_tim.o(i.HAL_TIM_TriggerCallback)
    HAL_UARTEx_RxEventCallback               0x08002ec7   Thumb Code     2  stm32f4xx_hal_uart.o(i.HAL_UARTEx_RxEventCallback)
    HAL_UART_AbortReceive                    0x08002ec9   Thumb Code   148  stm32f4xx_hal_uart.o(i.HAL_UART_AbortReceive)
    HAL_UART_DMAStop                         0x08002f5d   Thumb Code   112  stm32f4xx_hal_uart.o(i.HAL_UART_DMAStop)
    HAL_UART_ErrorCallback                   0x08002fcd   Thumb Code     2  stm32f4xx_hal_uart.o(i.HAL_UART_ErrorCallback)
    HAL_UART_IRQHandler                      0x08002fd1   Thumb Code   610  stm32f4xx_hal_uart.o(i.HAL_UART_IRQHandler)
    HAL_UART_Init                            0x08003239   Thumb Code    98  stm32f4xx_hal_uart.o(i.HAL_UART_Init)
    HAL_UART_MspInit                         0x0800329d   Thumb Code   610  usart.o(i.HAL_UART_MspInit)
    HAL_UART_Receive                         0x0800352d   Thumb Code   192  stm32f4xx_hal_uart.o(i.HAL_UART_Receive)
    HAL_UART_Receive_DMA                     0x080035ed   Thumb Code    42  stm32f4xx_hal_uart.o(i.HAL_UART_Receive_DMA)
    HAL_UART_Receive_IT                      0x08003617   Thumb Code    42  stm32f4xx_hal_uart.o(i.HAL_UART_Receive_IT)
    HAL_UART_RxCpltCallback                  0x08003641   Thumb Code   180  stm32f4xx_it.o(i.HAL_UART_RxCpltCallback)
    HAL_UART_RxHalfCpltCallback              0x0800371d   Thumb Code     2  stm32f4xx_hal_uart.o(i.HAL_UART_RxHalfCpltCallback)
    HAL_UART_Transmit                        0x08003721   Thumb Code   178  stm32f4xx_hal_uart.o(i.HAL_UART_Transmit)
    HAL_UART_Transmit_IT                     0x080037d3   Thumb Code    62  stm32f4xx_hal_uart.o(i.HAL_UART_Transmit_IT)
    HAL_UART_TxCpltCallback                  0x08003811   Thumb Code    14  stm32f4xx_it.o(i.HAL_UART_TxCpltCallback)
    HardFault_Handler                        0x08003825   Thumb Code     2  stm32f4xx_it.o(i.HardFault_Handler)
    JY931_Process                            0x08003829   Thumb Code   136  jy931.o(i.JY931_Process)
    JY931_getPitch                           0x080038c5   Thumb Code     8  jy931.o(i.JY931_getPitch)
    JY931_getRoll                            0x080038d1   Thumb Code     8  jy931.o(i.JY931_getRoll)
    JY931_getYaw                             0x080038dd   Thumb Code     8  jy931.o(i.JY931_getYaw)
    KellerBusRead                            0x080038e9   Thumb Code   124  keller.o(i.KellerBusRead)
    KellerBusRxCpltCallback                  0x0800396d   Thumb Code    56  keller.o(i.KellerBusRxCpltCallback)
    KellerBusSendCmd                         0x080039b1   Thumb Code   168  keller.o(i.KellerBusSendCmd)
    KellerBusStart                           0x08003a69   Thumb Code    24  keller.o(i.KellerBusStart)
    KellerBusTxCpltCallback                  0x08003a81   Thumb Code    56  keller.o(i.KellerBusTxCpltCallback)
    KellerInit                               0x08003ac9   Thumb Code    58  keller.o(i.KellerInit)
    MX_ADC1_Init                             0x08003b0d   Thumb Code   174  adc.o(i.MX_ADC1_Init)
    MX_DMA_Init                              0x08003bc9   Thumb Code   120  dma.o(i.MX_DMA_Init)
    MX_GPIO_Init                             0x08003c45   Thumb Code   208  gpio.o(i.MX_GPIO_Init)
    MX_TIM2_Init                             0x08003d25   Thumb Code    98  tim.o(i.MX_TIM2_Init)
    MX_TIM3_Init                             0x08003d8d   Thumb Code    98  tim.o(i.MX_TIM3_Init)
    MX_TIM4_Init                             0x08003df9   Thumb Code    98  tim.o(i.MX_TIM4_Init)
    MX_TIM5_Init                             0x08003e65   Thumb Code    96  tim.o(i.MX_TIM5_Init)
    MX_TIM6_Init                             0x08003ecd   Thumb Code    62  tim.o(i.MX_TIM6_Init)
    MX_UART4_Init                            0x08003f15   Thumb Code    48  usart.o(i.MX_UART4_Init)
    MX_USART1_UART_Init                      0x08003f4d   Thumb Code    48  usart.o(i.MX_USART1_UART_Init)
    MX_USART2_UART_Init                      0x08003f85   Thumb Code    48  usart.o(i.MX_USART2_UART_Init)
    MX_USART3_UART_Init                      0x08003fbd   Thumb Code    48  usart.o(i.MX_USART3_UART_Init)
    MemManage_Handler                        0x08003ff5   Thumb Code     2  stm32f4xx_it.o(i.MemManage_Handler)
    MercurySwitch_Check                      0x08003ff9   Thumb Code    46  switch.o(i.MercurySwitch_Check)
    Motor_AdjustComplete                     0x0800402d   Thumb Code    48  motor.o(i.Motor_AdjustComplete)
    Motor_Init                               0x08004065   Thumb Code    72  motor.o(i.Motor_Init)
    Motor_Run                                0x080040b5   Thumb Code   166  motor.o(i.Motor_Run)
    NMI_Handler                              0x080041b1   Thumb Code     2  stm32f4xx_it.o(i.NMI_Handler)
    OutputGpsData                            0x080041b5   Thumb Code    74  main.o(i.OutputGpsData)
    PendSV_Handler                           0x08004249   Thumb Code     2  stm32f4xx_it.o(i.PendSV_Handler)
    ProcessADCData                           0x0800424d   Thumb Code    36  main.o(i.ProcessADCData)
    ProcessDHT11Data                         0x08004279   Thumb Code    74  main.o(i.ProcessDHT11Data)
    ProcessIMUData                           0x080042d1   Thumb Code    46  main.o(i.ProcessIMUData)
    SVC_Handler                              0x08004309   Thumb Code     2  stm32f4xx_it.o(i.SVC_Handler)
    SysTick_Handler                          0x0800430b   Thumb Code     4  stm32f4xx_it.o(i.SysTick_Handler)
    SystemClock_Config                       0x08004311   Thumb Code   138  main.o(i.SystemClock_Config)
    SystemInit                               0x080043a5   Thumb Code    12  system_stm32f4xx.o(i.SystemInit)
    TIM2_IRQHandler                          0x080043b5   Thumb Code     6  stm32f4xx_it.o(i.TIM2_IRQHandler)
    TIM3_IRQHandler                          0x080043c1   Thumb Code     6  stm32f4xx_it.o(i.TIM3_IRQHandler)
    TIM4_IRQHandler                          0x080043cd   Thumb Code    36  stm32f4xx_it.o(i.TIM4_IRQHandler)
    TIM5_IRQHandler                          0x080043f9   Thumb Code     6  stm32f4xx_it.o(i.TIM5_IRQHandler)
    TIM6_DAC_IRQHandler                      0x08004405   Thumb Code     6  stm32f4xx_it.o(i.TIM6_DAC_IRQHandler)
    TIM_Base_SetConfig                       0x08004411   Thumb Code   156  stm32f4xx_hal_tim.o(i.TIM_Base_SetConfig)
    TIM_ETR_SetConfig                        0x080044d9   Thumb Code    20  stm32f4xx_hal_tim.o(i.TIM_ETR_SetConfig)
    UART4_IRQHandler                         0x08004545   Thumb Code     6  stm32f4xx_it.o(i.UART4_IRQHandler)
    UART_Start_Receive_DMA                   0x0800487d   Thumb Code   134  stm32f4xx_hal_uart.o(i.UART_Start_Receive_DMA)
    UART_Start_Receive_IT                    0x08004911   Thumb Code    58  stm32f4xx_hal_uart.o(i.UART_Start_Receive_IT)
    USART1_IRQHandler                        0x080049c5   Thumb Code     6  stm32f4xx_it.o(i.USART1_IRQHandler)
    USART2_IRQHandler                        0x080049d1   Thumb Code    80  stm32f4xx_it.o(i.USART2_IRQHandler)
    USART3_IRQHandler                        0x08004a31   Thumb Code     6  stm32f4xx_it.o(i.USART3_IRQHandler)
    UsageFault_Handler                       0x08004a3d   Thumb Code     2  stm32f4xx_it.o(i.UsageFault_Handler)
    User_USART_Init                          0x08004a41   Thumb Code    34  jy931.o(i.User_USART_Init)
    __0printf                                0x08004a69   Thumb Code    22  printfa.o(i.__0printf)
    __1printf                                0x08004a69   Thumb Code     0  printfa.o(i.__0printf)
    __2printf                                0x08004a69   Thumb Code     0  printfa.o(i.__0printf)
    __c89printf                              0x08004a69   Thumb Code     0  printfa.o(i.__0printf)
    printf                                   0x08004a69   Thumb Code     0  printfa.o(i.__0printf)
    __0snprintf                              0x08004a89   Thumb Code    36  printfa.o(i.__0snprintf)
    __1snprintf                              0x08004a89   Thumb Code     0  printfa.o(i.__0snprintf)
    __2snprintf                              0x08004a89   Thumb Code     0  printfa.o(i.__0snprintf)
    __c89snprintf                            0x08004a89   Thumb Code     0  printfa.o(i.__0snprintf)
    snprintf                                 0x08004a89   Thumb Code     0  printfa.o(i.__0snprintf)
    __hardfp_atof                            0x08004ad1   Thumb Code    44  atof.o(i.__hardfp_atof)
    __read_errno                             0x08004b09   Thumb Code     6  errno.o(i.__read_errno)
    __scatterload_copy                       0x08004b15   Thumb Code    14  handlers.o(i.__scatterload_copy)
    __scatterload_null                       0x08004b23   Thumb Code     2  handlers.o(i.__scatterload_null)
    __scatterload_zeroinit                   0x08004b25   Thumb Code    14  handlers.o(i.__scatterload_zeroinit)
    __set_errno                              0x08004b35   Thumb Code     6  errno.o(i.__set_errno)
    _is_digit                                0x08004ca5   Thumb Code    14  scanf_fp.o(i._is_digit)
    fputc                                    0x080053f9   Thumb Code    20  main.o(i.fputc)
    integrate_and_fuse_data                  0x08005411   Thumb Code   662  main.o(i.integrate_and_fuse_data)
    main                                     0x0800575d   Thumb Code   558  main.o(i.main)
    parseGpsBuffer                           0x08005ac9   Thumb Code    60  gps.o(i.parseGpsBuffer)
    parseRMC                                 0x08005b15   Thumb Code   300  gps.o(i.parseRMC)
    processGpsData                           0x08005d65   Thumb Code    92  gps.o(i.processGpsData)
    AHBPrescTable                            0x08005e0c   Data          16  system_stm32f4xx.o(.constdata)
    APBPrescTable                            0x08005e1c   Data           8  system_stm32f4xx.o(.constdata)
    __ctype_categories                       0x08005e24   Data          64  ctype_c.o(.constdata)
    Region$$Table$$Base                      0x08005f5c   Number         0  anon$$obj.o(Region$$Table)
    Region$$Table$$Limit                     0x08005f7c   Number         0  anon$$obj.o(Region$$Table)
    adc_dma_complete                         0x20000000   Data           1  main.o(.data)
    dht11_1_updated                          0x20000001   Data           1  main.o(.data)
    dht11_2_updated                          0x20000002   Data           1  main.o(.data)
    sensor_reading_started                   0x20000003   Data           1  main.o(.data)
    pressure_sensor_triggered                0x20000004   Data           1  main.o(.data)
    gps_reading_triggered                    0x20000005   Data           1  main.o(.data)
    system_enabled                           0x20000006   Data           1  main.o(.data)
    closed_switch_count                      0x20000008   Data           4  main.o(.data)
    timer_ticks                              0x2000000c   Data           4  main.o(.data)
    motor_in_progress                        0x20000010   Data           4  main.o(.data)
    delay_completed                          0x20000014   Data           4  main.o(.data)
    motor_completed                          0x20000018   Data           4  main.o(.data)
    pitch                                    0x20000028   Data           4  main.o(.data)
    roll                                     0x2000002c   Data           4  main.o(.data)
    yaw                                      0x20000030   Data           4  main.o(.data)
    usart2_rx_complete                       0x20000034   Data           1  stm32f4xx_it.o(.data)
    uwTickFreq                               0x20000038   Data           1  stm32f4xx_hal.o(.data)
    uwTickPrio                               0x2000003c   Data           4  stm32f4xx_hal.o(.data)
    uwTick                                   0x20000040   Data           4  stm32f4xx_hal.o(.data)
    SystemCoreClock                          0x20000044   Data           4  system_stm32f4xx.o(.data)
    KellerBusNowFucCmd                       0x20000048   Data           1  keller.o(.data)
    KellerBusDat                             0x2000004c   Data           4  keller.o(.data)
    stcAngle                                 0x20000054   Data           8  jy931.o(.data)
    point1                                   0x2000005c   Data           2  gps.o(.data)
    gps_data_ready                           0x20000060   Data           1  gps.o(.data)
    gps_moving                               0x20000061   Data           1  gps.o(.data)
    status                                   0x20000062   Data           1  gps.o(.data)
    gps_invalid_output_flag                  0x20000063   Data           1  gps.o(.data)
    last_latitude                            0x20000064   Data           4  gps.o(.data)
    last_longitude                           0x20000068   Data           4  gps.o(.data)
    large_movement_count                     0x2000006c   Data           4  gps.o(.data)
    gps_invalid_counter                      0x20000070   Data           4  gps.o(.data)
    mercury_ports                            0x20000074   Data          32  switch.o(.data)
    mercury_pins                             0x20000094   Data          16  switch.o(.data)
    __stdout                                 0x200000a8   Data           4  stdout.o(.data)
    system_sensor_data                       0x200000b0   Data          72  main.o(.bss)
    adc_Value                                0x200000f8   Data          10  main.o(.bss)
    hadc1                                    0x20000104   Data          72  adc.o(.bss)
    hdma_adc1                                0x2000014c   Data          96  adc.o(.bss)
    htim2                                    0x200001ac   Data          72  tim.o(.bss)
    htim3                                    0x200001f4   Data          72  tim.o(.bss)
    htim4                                    0x2000023c   Data          72  tim.o(.bss)
    htim5                                    0x20000284   Data          72  tim.o(.bss)
    htim6                                    0x200002cc   Data          72  tim.o(.bss)
    huart4                                   0x20000314   Data          68  usart.o(.bss)
    huart1                                   0x20000358   Data          68  usart.o(.bss)
    huart2                                   0x2000039c   Data          68  usart.o(.bss)
    huart3                                   0x200003e0   Data          68  usart.o(.bss)
    hdma_uart4_rx                            0x20000424   Data          96  usart.o(.bss)
    hdma_usart1_rx                           0x20000484   Data          96  usart.o(.bss)
    hdma_usart2_rx                           0x200004e4   Data          96  usart.o(.bss)
    hdma_usart3_tx                           0x20000544   Data          96  usart.o(.bss)
    KellerBusRecvBuf                         0x200005a4   Data          10  keller.o(.bss)
    KellerBusSendBuf                         0x200005ae   Data          10  keller.o(.bss)
    JY931_data                               0x200005b8   Data          72  jy931.o(.bss)
    Save_Data                                0x20000600   Data         513  gps.o(.bss)
    gpsData                                  0x20000801   Data          42  gps.o(.bss)
    gps_buffer                               0x2000082b   Data         512  gps.o(.bss)
    sensor_data                              0x20000a2c   Data         570  gps.o(.bss)
    __initial_sp                             0x20001068   Data           0  startup_stm32f405xx.o(STACK)



==============================================================================

Memory Map of the image

  Image Entry point : 0x08000189

  Load Region LR_IROM1 (Base: 0x08000000, Size: 0x0000602c, Max: 0x00100000, ABSOLUTE)

    Execution Region ER_IROM1 (Exec base: 0x08000000, Load base: 0x08000000, Size: 0x00005f7c, Max: 0x00100000, ABSOLUTE)

    Exec Addr    Load Addr    Size         Type   Attr      Idx    E Section Name        Object

    0x08000000   0x08000000   0x00000188   Data   RO            3    RESET               startup_stm32f405xx.o
    0x08000188   0x08000188   0x00000000   Code   RO         4043  * .ARM.Collect$$$$00000000  mc_w.l(entry.o)
    0x08000188   0x08000188   0x00000004   Code   RO         4372    .ARM.Collect$$$$00000001  mc_w.l(entry2.o)
    0x0800018c   0x0800018c   0x00000004   Code   RO         4375    .ARM.Collect$$$$00000004  mc_w.l(entry5.o)
    0x08000190   0x08000190   0x00000000   Code   RO         4377    .ARM.Collect$$$$00000008  mc_w.l(entry7b.o)
    0x08000190   0x08000190   0x00000000   Code   RO         4379    .ARM.Collect$$$$0000000A  mc_w.l(entry8b.o)
    0x08000190   0x08000190   0x00000008   Code   RO         4380    .ARM.Collect$$$$0000000B  mc_w.l(entry9a.o)
    0x08000198   0x08000198   0x00000000   Code   RO         4382    .ARM.Collect$$$$0000000D  mc_w.l(entry10a.o)
    0x08000198   0x08000198   0x00000000   Code   RO         4384    .ARM.Collect$$$$0000000F  mc_w.l(entry11a.o)
    0x08000198   0x08000198   0x00000004   Code   RO         4373    .ARM.Collect$$$$00002712  mc_w.l(entry2.o)
    0x0800019c   0x0800019c   0x00000024   Code   RO            4    .text               startup_stm32f405xx.o
    0x080001c0   0x080001c0   0x00000062   Code   RO         4046    .text               mc_w.l(uldiv.o)
    0x08000222   0x08000222   0x00000024   Code   RO         4048    .text               mc_w.l(memcpya.o)
    0x08000246   0x08000246   0x00000024   Code   RO         4050    .text               mc_w.l(memseta.o)
    0x0800026a   0x0800026a   0x00000024   Code   RO         4052    .text               mc_w.l(strstr.o)
    0x0800028e   0x0800028e   0x0000000e   Code   RO         4054    .text               mc_w.l(strlen.o)
    0x0800029c   0x0800029c   0x0000001e   Code   RO         4056    .text               mc_w.l(strncmp.o)
    0x080002ba   0x080002ba   0x00000002   PAD
    0x080002bc   0x080002bc   0x00000044   Code   RO         4058    .text               mc_w.l(strtok.o)
    0x08000300   0x08000300   0x00000038   Code   RO         4327    .text               mc_w.l(__0sscanf.o)
    0x08000338   0x08000338   0x000000e0   Code   RO         4329    .text               mc_w.l(_scanf_str.o)
    0x08000418   0x08000418   0x000000e4   Code   RO         4331    .text               mf_w.l(dmul.o)
    0x080004fc   0x080004fc   0x00000026   Code   RO         4333    .text               mf_w.l(f2d.o)
    0x08000522   0x08000522   0x00000038   Code   RO         4335    .text               mf_w.l(d2f.o)
    0x0800055a   0x0800055a   0x0000002c   Code   RO         4387    .text               mc_w.l(uidiv.o)
    0x08000586   0x08000586   0x0000001e   Code   RO         4389    .text               mc_w.l(llshl.o)
    0x080005a4   0x080005a4   0x00000020   Code   RO         4391    .text               mc_w.l(llushr.o)
    0x080005c4   0x080005c4   0x00000028   Code   RO         4400    .text               mc_w.l(scanf_char.o)
    0x080005ec   0x080005ec   0x00000040   Code   RO         4402    .text               mc_w.l(_sgetc.o)
    0x0800062c   0x0800062c   0x0000009c   Code   RO         4404    .text               mc_w.l(strtod.o)
    0x080006c8   0x080006c8   0x00000000   Code   RO         4406    .text               mc_w.l(iusefp.o)
    0x080006c8   0x080006c8   0x0000006e   Code   RO         4407    .text               mf_w.l(fepilogue.o)
    0x08000736   0x08000736   0x000000ba   Code   RO         4409    .text               mf_w.l(depilogue.o)
    0x080007f0   0x080007f0   0x0000014e   Code   RO         4411    .text               mf_w.l(dadd.o)
    0x0800093e   0x0800093e   0x000000de   Code   RO         4413    .text               mf_w.l(ddiv.o)
    0x08000a1c   0x08000a1c   0x00000030   Code   RO         4419    .text               mf_w.l(dfixul.o)
    0x08000a4c   0x08000a4c   0x00000030   Code   RO         4423    .text               mf_w.l(cdrcmple.o)
    0x08000a7c   0x08000a7c   0x00000024   Code   RO         4427    .text               mc_w.l(init.o)
    0x08000aa0   0x08000aa0   0x00000024   Code   RO         4429    .text               mc_w.l(llsshr.o)
    0x08000ac4   0x08000ac4   0x0000000a   Code   RO         4431    .text               mc_w.l(isspace_c.o)
    0x08000ace   0x08000ace   0x00000002   PAD
    0x08000ad0   0x08000ad0   0x0000032c   Code   RO         4433    .text               mc_w.l(_scanf.o)
    0x08000dfc   0x08000dfc   0x00000338   Code   RO         4435    .text               mc_w.l(scanf_fp.o)
    0x08001134   0x08001134   0x00000028   Code   RO         4439    .text               mc_w.l(ctype_c.o)
    0x0800115c   0x0800115c   0x00000018   Code   RO         4442    .text               mf_w.l(dfltul.o)
    0x08001174   0x08001174   0x0000006e   Code   RO          820    i.ADC_DMAConvCplt   stm32f4xx_hal_adc.o
    0x080011e2   0x080011e2   0x00000016   Code   RO          821    i.ADC_DMAError      stm32f4xx_hal_adc.o
    0x080011f8   0x080011f8   0x0000000a   Code   RO          822    i.ADC_DMAHalfConvCplt  stm32f4xx_hal_adc.o
    0x08001202   0x08001202   0x00000002   PAD
    0x08001204   0x08001204   0x0000000c   Code   RO          588    i.ADC_IRQHandler    stm32f4xx_it.o
    0x08001210   0x08001210   0x00000128   Code   RO          823    i.ADC_Init          stm32f4xx_hal_adc.o
    0x08001338   0x08001338   0x000000d0   Code   RO         3848    i.AdjustPlane       motor.o
    0x08001408   0x08001408   0x00000002   Code   RO          589    i.BusFault_Handler  stm32f4xx_it.o
    0x0800140a   0x0800140a   0x00000058   Code   RO         3782    i.DHT11_Check       dht11.o
    0x08001462   0x08001462   0x00000056   Code   RO         3783    i.DHT11_Read_Bit    dht11.o
    0x080014b8   0x080014b8   0x00000026   Code   RO         3784    i.DHT11_Read_Byte   dht11.o
    0x080014de   0x080014de   0x0000005c   Code   RO         3785    i.DHT11_Read_Data   dht11.o
    0x0800153a   0x0800153a   0x00000002   PAD
    0x0800153c   0x0800153c   0x00000034   Code   RO         3786    i.DHT11_Rst         dht11.o
    0x08001570   0x08001570   0x0000000c   Code   RO          590    i.DMA1_Stream2_IRQHandler  stm32f4xx_it.o
    0x0800157c   0x0800157c   0x0000000c   Code   RO          591    i.DMA1_Stream3_IRQHandler  stm32f4xx_it.o
    0x08001588   0x08001588   0x0000000c   Code   RO          592    i.DMA1_Stream5_IRQHandler  stm32f4xx_it.o
    0x08001594   0x08001594   0x0000000c   Code   RO          593    i.DMA2_Stream0_IRQHandler  stm32f4xx_it.o
    0x080015a0   0x080015a0   0x0000000c   Code   RO          594    i.DMA2_Stream5_IRQHandler  stm32f4xx_it.o
    0x080015ac   0x080015ac   0x00000028   Code   RO         1557    i.DMA_CalcBaseAndBitshift  stm32f4xx_hal_dma.o
    0x080015d4   0x080015d4   0x00000054   Code   RO         1558    i.DMA_CheckFifoParam  stm32f4xx_hal_dma.o
    0x08001628   0x08001628   0x00000028   Code   RO         1559    i.DMA_SetConfig     stm32f4xx_hal_dma.o
    0x08001650   0x08001650   0x00000002   Code   RO          595    i.DebugMon_Handler  stm32f4xx_it.o
    0x08001652   0x08001652   0x00000002   PAD
    0x08001654   0x08001654   0x00000028   Code   RO         3787    i.Delay_us          dht11.o
    0x0800167c   0x0800167c   0x00000028   Code   RO         3788    i.Dht11_DATA_IN     dht11.o
    0x080016a4   0x080016a4   0x0000002c   Code   RO         3789    i.Dht11_DATA_OUT    dht11.o
    0x080016d0   0x080016d0   0x00000004   Code   RO           13    i.Error_Handler     main.o
    0x080016d4   0x080016d4   0x0000009c   Code   RO         3722    i.GPS_Init          gps.o
    0x08001770   0x08001770   0x00000002   Code   RO          994    i.HAL_ADCEx_InjectedConvCpltCallback  stm32f4xx_hal_adc_ex.o
    0x08001772   0x08001772   0x00000002   PAD
    0x08001774   0x08001774   0x0000014c   Code   RO          825    i.HAL_ADC_ConfigChannel  stm32f4xx_hal_adc.o
    0x080018c0   0x080018c0   0x00000018   Code   RO          596    i.HAL_ADC_ConvCpltCallback  stm32f4xx_it.o
    0x080018d8   0x080018d8   0x00000002   Code   RO          827    i.HAL_ADC_ConvHalfCpltCallback  stm32f4xx_hal_adc.o
    0x080018da   0x080018da   0x00000002   Code   RO          829    i.HAL_ADC_ErrorCallback  stm32f4xx_hal_adc.o
    0x080018dc   0x080018dc   0x0000012e   Code   RO          833    i.HAL_ADC_IRQHandler  stm32f4xx_hal_adc.o
    0x08001a0a   0x08001a0a   0x00000054   Code   RO          834    i.HAL_ADC_Init      stm32f4xx_hal_adc.o
    0x08001a5e   0x08001a5e   0x00000002   Code   RO          835    i.HAL_ADC_LevelOutOfWindowCallback  stm32f4xx_hal_adc.o
    0x08001a60   0x08001a60   0x000000a8   Code   RO          286    i.HAL_ADC_MspInit   adc.o
    0x08001b08   0x08001b08   0x00000154   Code   RO          841    i.HAL_ADC_Start_DMA  stm32f4xx_hal_adc.o
    0x08001c5c   0x08001c5c   0x00000092   Code   RO         1560    i.HAL_DMA_Abort     stm32f4xx_hal_dma.o
    0x08001cee   0x08001cee   0x00000024   Code   RO         1561    i.HAL_DMA_Abort_IT  stm32f4xx_hal_dma.o
    0x08001d12   0x08001d12   0x00000004   Code   RO         1563    i.HAL_DMA_GetError  stm32f4xx_hal_dma.o
    0x08001d16   0x08001d16   0x00000002   PAD
    0x08001d18   0x08001d18   0x000001a0   Code   RO         1565    i.HAL_DMA_IRQHandler  stm32f4xx_hal_dma.o
    0x08001eb8   0x08001eb8   0x000000d4   Code   RO         1566    i.HAL_DMA_Init      stm32f4xx_hal_dma.o
    0x08001f8c   0x08001f8c   0x0000006e   Code   RO         1570    i.HAL_DMA_Start_IT  stm32f4xx_hal_dma.o
    0x08001ffa   0x08001ffa   0x00000002   PAD
    0x08001ffc   0x08001ffc   0x00000024   Code   RO         1979    i.HAL_Delay         stm32f4xx_hal.o
    0x08002020   0x08002020   0x000001f0   Code   RO         1453    i.HAL_GPIO_Init     stm32f4xx_hal_gpio.o
    0x08002210   0x08002210   0x0000000a   Code   RO         1455    i.HAL_GPIO_ReadPin  stm32f4xx_hal_gpio.o
    0x0800221a   0x0800221a   0x00000010   Code   RO         1456    i.HAL_GPIO_TogglePin  stm32f4xx_hal_gpio.o
    0x0800222a   0x0800222a   0x0000000a   Code   RO         1457    i.HAL_GPIO_WritePin  stm32f4xx_hal_gpio.o
    0x08002234   0x08002234   0x0000000c   Code   RO         1985    i.HAL_GetTick       stm32f4xx_hal.o
    0x08002240   0x08002240   0x00000010   Code   RO         1991    i.HAL_IncTick       stm32f4xx_hal.o
    0x08002250   0x08002250   0x00000034   Code   RO         1992    i.HAL_Init          stm32f4xx_hal.o
    0x08002284   0x08002284   0x00000040   Code   RO         1993    i.HAL_InitTick      stm32f4xx_hal.o
    0x080022c4   0x080022c4   0x00000030   Code   RO          796    i.HAL_MspInit       stm32f4xx_hal_msp.o
    0x080022f4   0x080022f4   0x0000001a   Code   RO         1842    i.HAL_NVIC_EnableIRQ  stm32f4xx_hal_cortex.o
    0x0800230e   0x0800230e   0x00000002   PAD
    0x08002310   0x08002310   0x00000040   Code   RO         1848    i.HAL_NVIC_SetPriority  stm32f4xx_hal_cortex.o
    0x08002350   0x08002350   0x00000024   Code   RO         1849    i.HAL_NVIC_SetPriorityGrouping  stm32f4xx_hal_cortex.o
    0x08002374   0x08002374   0x00000134   Code   RO         1099    i.HAL_RCC_ClockConfig  stm32f4xx_hal_rcc.o
    0x080024a8   0x080024a8   0x00000020   Code   RO         1106    i.HAL_RCC_GetPCLK1Freq  stm32f4xx_hal_rcc.o
    0x080024c8   0x080024c8   0x00000020   Code   RO         1107    i.HAL_RCC_GetPCLK2Freq  stm32f4xx_hal_rcc.o
    0x080024e8   0x080024e8   0x00000060   Code   RO         1108    i.HAL_RCC_GetSysClockFreq  stm32f4xx_hal_rcc.o
    0x08002548   0x08002548   0x0000036c   Code   RO         1111    i.HAL_RCC_OscConfig  stm32f4xx_hal_rcc.o
    0x080028b4   0x080028b4   0x00000028   Code   RO         1853    i.HAL_SYSTICK_Config  stm32f4xx_hal_cortex.o
    0x080028dc   0x080028dc   0x00000002   Code   RO         2936    i.HAL_TIMEx_BreakCallback  stm32f4xx_hal_tim_ex.o
    0x080028de   0x080028de   0x00000002   Code   RO         2937    i.HAL_TIMEx_CommutCallback  stm32f4xx_hal_tim_ex.o
    0x080028e0   0x080028e0   0x00000090   Code   RO         2955    i.HAL_TIMEx_MasterConfigSynchronization  stm32f4xx_hal_tim_ex.o
    0x08002970   0x08002970   0x0000005a   Code   RO         2232    i.HAL_TIM_Base_Init  stm32f4xx_hal_tim.o
    0x080029ca   0x080029ca   0x00000002   PAD
    0x080029cc   0x080029cc   0x000000d8   Code   RO          352    i.HAL_TIM_Base_MspInit  tim.o
    0x08002aa4   0x08002aa4   0x00000078   Code   RO         2235    i.HAL_TIM_Base_Start  stm32f4xx_hal_tim.o
    0x08002b1c   0x08002b1c   0x00000080   Code   RO         2237    i.HAL_TIM_Base_Start_IT  stm32f4xx_hal_tim.o
    0x08002b9c   0x08002b9c   0x00000026   Code   RO         2238    i.HAL_TIM_Base_Stop  stm32f4xx_hal_tim.o
    0x08002bc2   0x08002bc2   0x000000dc   Code   RO         2241    i.HAL_TIM_ConfigClockSource  stm32f4xx_hal_tim.o
    0x08002c9e   0x08002c9e   0x00000002   Code   RO         2266    i.HAL_TIM_IC_CaptureCallback  stm32f4xx_hal_tim.o
    0x08002ca0   0x08002ca0   0x00000166   Code   RO         2280    i.HAL_TIM_IRQHandler  stm32f4xx_hal_tim.o
    0x08002e06   0x08002e06   0x00000002   Code   RO         2283    i.HAL_TIM_OC_DelayElapsedCallback  stm32f4xx_hal_tim.o
    0x08002e08   0x08002e08   0x00000002   Code   RO         2310    i.HAL_TIM_PWM_PulseFinishedCallback  stm32f4xx_hal_tim.o
    0x08002e0a   0x08002e0a   0x00000002   PAD
    0x08002e0c   0x08002e0c   0x000000b8   Code   RO          597    i.HAL_TIM_PeriodElapsedCallback  stm32f4xx_it.o
    0x08002ec4   0x08002ec4   0x00000002   Code   RO         2323    i.HAL_TIM_TriggerCallback  stm32f4xx_hal_tim.o
    0x08002ec6   0x08002ec6   0x00000002   Code   RO         3214    i.HAL_UARTEx_RxEventCallback  stm32f4xx_hal_uart.o
    0x08002ec8   0x08002ec8   0x00000094   Code   RO         3217    i.HAL_UART_AbortReceive  stm32f4xx_hal_uart.o
    0x08002f5c   0x08002f5c   0x00000070   Code   RO         3226    i.HAL_UART_DMAStop  stm32f4xx_hal_uart.o
    0x08002fcc   0x08002fcc   0x00000002   Code   RO         3228    i.HAL_UART_ErrorCallback  stm32f4xx_hal_uart.o
    0x08002fce   0x08002fce   0x00000002   PAD
    0x08002fd0   0x08002fd0   0x00000268   Code   RO         3231    i.HAL_UART_IRQHandler  stm32f4xx_hal_uart.o
    0x08003238   0x08003238   0x00000062   Code   RO         3232    i.HAL_UART_Init     stm32f4xx_hal_uart.o
    0x0800329a   0x0800329a   0x00000002   PAD
    0x0800329c   0x0800329c   0x00000290   Code   RO          418    i.HAL_UART_MspInit  usart.o
    0x0800352c   0x0800352c   0x000000c0   Code   RO         3235    i.HAL_UART_Receive  stm32f4xx_hal_uart.o
    0x080035ec   0x080035ec   0x0000002a   Code   RO         3236    i.HAL_UART_Receive_DMA  stm32f4xx_hal_uart.o
    0x08003616   0x08003616   0x0000002a   Code   RO         3237    i.HAL_UART_Receive_IT  stm32f4xx_hal_uart.o
    0x08003640   0x08003640   0x000000dc   Code   RO          598    i.HAL_UART_RxCpltCallback  stm32f4xx_it.o
    0x0800371c   0x0800371c   0x00000002   Code   RO         3239    i.HAL_UART_RxHalfCpltCallback  stm32f4xx_hal_uart.o
    0x0800371e   0x0800371e   0x00000002   PAD
    0x08003720   0x08003720   0x000000b2   Code   RO         3240    i.HAL_UART_Transmit  stm32f4xx_hal_uart.o
    0x080037d2   0x080037d2   0x0000003e   Code   RO         3242    i.HAL_UART_Transmit_IT  stm32f4xx_hal_uart.o
    0x08003810   0x08003810   0x00000014   Code   RO          599    i.HAL_UART_TxCpltCallback  stm32f4xx_it.o
    0x08003824   0x08003824   0x00000002   Code   RO          600    i.HardFault_Handler  stm32f4xx_it.o
    0x08003826   0x08003826   0x00000002   PAD
    0x08003828   0x08003828   0x0000009c   Code   RO         3660    i.JY931_Process     jy931.o
    0x080038c4   0x080038c4   0x0000000c   Code   RO         3661    i.JY931_getPitch    jy931.o
    0x080038d0   0x080038d0   0x0000000c   Code   RO         3662    i.JY931_getRoll     jy931.o
    0x080038dc   0x080038dc   0x0000000c   Code   RO         3663    i.JY931_getYaw      jy931.o
    0x080038e8   0x080038e8   0x00000084   Code   RO         3598    i.KellerBusRead     keller.o
    0x0800396c   0x0800396c   0x00000044   Code   RO         3599    i.KellerBusRxCpltCallback  keller.o
    0x080039b0   0x080039b0   0x000000b8   Code   RO         3600    i.KellerBusSendCmd  keller.o
    0x08003a68   0x08003a68   0x00000018   Code   RO         3601    i.KellerBusStart    keller.o
    0x08003a80   0x08003a80   0x00000048   Code   RO         3602    i.KellerBusTxCpltCallback  keller.o
    0x08003ac8   0x08003ac8   0x00000044   Code   RO         3603    i.KellerInit        keller.o
    0x08003b0c   0x08003b0c   0x000000bc   Code   RO          287    i.MX_ADC1_Init      adc.o
    0x08003bc8   0x08003bc8   0x0000007c   Code   RO          327    i.MX_DMA_Init       dma.o
    0x08003c44   0x08003c44   0x000000e0   Code   RO          257    i.MX_GPIO_Init      gpio.o
    0x08003d24   0x08003d24   0x00000068   Code   RO          353    i.MX_TIM2_Init      tim.o
    0x08003d8c   0x08003d8c   0x0000006c   Code   RO          354    i.MX_TIM3_Init      tim.o
    0x08003df8   0x08003df8   0x0000006c   Code   RO          355    i.MX_TIM4_Init      tim.o
    0x08003e64   0x08003e64   0x00000068   Code   RO          356    i.MX_TIM5_Init      tim.o
    0x08003ecc   0x08003ecc   0x00000048   Code   RO          357    i.MX_TIM6_Init      tim.o
    0x08003f14   0x08003f14   0x00000038   Code   RO          419    i.MX_UART4_Init     usart.o
    0x08003f4c   0x08003f4c   0x00000038   Code   RO          420    i.MX_USART1_UART_Init  usart.o
    0x08003f84   0x08003f84   0x00000038   Code   RO          421    i.MX_USART2_UART_Init  usart.o
    0x08003fbc   0x08003fbc   0x00000038   Code   RO          422    i.MX_USART3_UART_Init  usart.o
    0x08003ff4   0x08003ff4   0x00000002   Code   RO          601    i.MemManage_Handler  stm32f4xx_it.o
    0x08003ff6   0x08003ff6   0x00000002   PAD
    0x08003ff8   0x08003ff8   0x00000034   Code   RO         3895    i.MercurySwitch_Check  switch.o
    0x0800402c   0x0800402c   0x00000038   Code   RO         3849    i.Motor_AdjustComplete  motor.o
    0x08004064   0x08004064   0x00000050   Code   RO         3850    i.Motor_Init        motor.o
    0x080040b4   0x080040b4   0x000000fc   Code   RO         3851    i.Motor_Run         motor.o
    0x080041b0   0x080041b0   0x00000002   Code   RO          602    i.NMI_Handler       stm32f4xx_it.o
    0x080041b2   0x080041b2   0x00000002   PAD
    0x080041b4   0x080041b4   0x00000094   Code   RO           14    i.OutputGpsData     main.o
    0x08004248   0x08004248   0x00000002   Code   RO          603    i.PendSV_Handler    stm32f4xx_it.o
    0x0800424a   0x0800424a   0x00000002   PAD
    0x0800424c   0x0800424c   0x0000002c   Code   RO           15    i.ProcessADCData    main.o
    0x08004278   0x08004278   0x00000058   Code   RO           16    i.ProcessDHT11Data  main.o
    0x080042d0   0x080042d0   0x00000038   Code   RO           17    i.ProcessIMUData    main.o
    0x08004308   0x08004308   0x00000002   Code   RO          604    i.SVC_Handler       stm32f4xx_it.o
    0x0800430a   0x0800430a   0x00000004   Code   RO          605    i.SysTick_Handler   stm32f4xx_it.o
    0x0800430e   0x0800430e   0x00000002   PAD
    0x08004310   0x08004310   0x00000094   Code   RO           18    i.SystemClock_Config  main.o
    0x080043a4   0x080043a4   0x00000010   Code   RO         3561    i.SystemInit        system_stm32f4xx.o
    0x080043b4   0x080043b4   0x0000000c   Code   RO          606    i.TIM2_IRQHandler   stm32f4xx_it.o
    0x080043c0   0x080043c0   0x0000000c   Code   RO          607    i.TIM3_IRQHandler   stm32f4xx_it.o
    0x080043cc   0x080043cc   0x0000002c   Code   RO          608    i.TIM4_IRQHandler   stm32f4xx_it.o
    0x080043f8   0x080043f8   0x0000000c   Code   RO          609    i.TIM5_IRQHandler   stm32f4xx_it.o
    0x08004404   0x08004404   0x0000000c   Code   RO          610    i.TIM6_DAC_IRQHandler  stm32f4xx_it.o
    0x08004410   0x08004410   0x000000c8   Code   RO         2325    i.TIM_Base_SetConfig  stm32f4xx_hal_tim.o
    0x080044d8   0x080044d8   0x00000014   Code   RO         2336    i.TIM_ETR_SetConfig  stm32f4xx_hal_tim.o
    0x080044ec   0x080044ec   0x00000010   Code   RO         2337    i.TIM_ITRx_SetConfig  stm32f4xx_hal_tim.o
    0x080044fc   0x080044fc   0x00000022   Code   RO         2343    i.TIM_TI1_ConfigInputStage  stm32f4xx_hal_tim.o
    0x0800451e   0x0800451e   0x00000024   Code   RO         2345    i.TIM_TI2_ConfigInputStage  stm32f4xx_hal_tim.o
    0x08004542   0x08004542   0x00000002   PAD
    0x08004544   0x08004544   0x0000000c   Code   RO          611    i.UART4_IRQHandler  stm32f4xx_it.o
    0x08004550   0x08004550   0x00000010   Code   RO         3245    i.UART_DMAAbortOnError  stm32f4xx_hal_uart.o
    0x08004560   0x08004560   0x0000004a   Code   RO         3246    i.UART_DMAError     stm32f4xx_hal_uart.o
    0x080045aa   0x080045aa   0x00000082   Code   RO         3247    i.UART_DMAReceiveCplt  stm32f4xx_hal_uart.o
    0x0800462c   0x0800462c   0x0000001a   Code   RO         3249    i.UART_DMARxHalfCplt  stm32f4xx_hal_uart.o
    0x08004646   0x08004646   0x0000004e   Code   RO         3255    i.UART_EndRxTransfer  stm32f4xx_hal_uart.o
    0x08004694   0x08004694   0x0000001c   Code   RO         3256    i.UART_EndTxTransfer  stm32f4xx_hal_uart.o
    0x080046b0   0x080046b0   0x000000c0   Code   RO         3257    i.UART_Receive_IT   stm32f4xx_hal_uart.o
    0x08004770   0x08004770   0x0000010c   Code   RO         3258    i.UART_SetConfig    stm32f4xx_hal_uart.o
    0x0800487c   0x0800487c   0x00000094   Code   RO         3259    i.UART_Start_Receive_DMA  stm32f4xx_hal_uart.o
    0x08004910   0x08004910   0x0000003a   Code   RO         3260    i.UART_Start_Receive_IT  stm32f4xx_hal_uart.o
    0x0800494a   0x0800494a   0x00000078   Code   RO         3261    i.UART_WaitOnFlagUntilTimeout  stm32f4xx_hal_uart.o
    0x080049c2   0x080049c2   0x00000002   PAD
    0x080049c4   0x080049c4   0x0000000c   Code   RO          612    i.USART1_IRQHandler  stm32f4xx_it.o
    0x080049d0   0x080049d0   0x00000060   Code   RO          613    i.USART2_IRQHandler  stm32f4xx_it.o
    0x08004a30   0x08004a30   0x0000000c   Code   RO          614    i.USART3_IRQHandler  stm32f4xx_it.o
    0x08004a3c   0x08004a3c   0x00000002   Code   RO          615    i.UsageFault_Handler  stm32f4xx_it.o
    0x08004a3e   0x08004a3e   0x00000002   PAD
    0x08004a40   0x08004a40   0x00000028   Code   RO         3664    i.User_USART_Init   jy931.o
    0x08004a68   0x08004a68   0x00000020   Code   RO         4299    i.__0printf         mc_w.l(printfa.o)
    0x08004a88   0x08004a88   0x00000028   Code   RO         4300    i.__0snprintf       mc_w.l(printfa.o)
    0x08004ab0   0x08004ab0   0x00000020   Code   RO         1855    i.__NVIC_SetPriority  stm32f4xx_hal_cortex.o
    0x08004ad0   0x08004ad0   0x00000038   Code   RO         3995    i.__hardfp_atof     m_wm.l(atof.o)
    0x08004b08   0x08004b08   0x0000000c   Code   RO         4394    i.__read_errno      mc_w.l(errno.o)
    0x08004b14   0x08004b14   0x0000000e   Code   RO         4446    i.__scatterload_copy  mc_w.l(handlers.o)
    0x08004b22   0x08004b22   0x00000002   Code   RO         4447    i.__scatterload_null  mc_w.l(handlers.o)
    0x08004b24   0x08004b24   0x0000000e   Code   RO         4448    i.__scatterload_zeroinit  mc_w.l(handlers.o)
    0x08004b32   0x08004b32   0x00000002   PAD
    0x08004b34   0x08004b34   0x0000000c   Code   RO         4395    i.__set_errno       mc_w.l(errno.o)
    0x08004b40   0x08004b40   0x00000164   Code   RO         4306    i._fp_digits        mc_w.l(printfa.o)
    0x08004ca4   0x08004ca4   0x0000000e   Code   RO         4437    i._is_digit         mc_w.l(scanf_fp.o)
    0x08004cb2   0x08004cb2   0x00000002   PAD
    0x08004cb4   0x08004cb4   0x000006dc   Code   RO         4307    i._printf_core      mc_w.l(printfa.o)
    0x08005390   0x08005390   0x00000024   Code   RO         4308    i._printf_post_padding  mc_w.l(printfa.o)
    0x080053b4   0x080053b4   0x0000002e   Code   RO         4309    i._printf_pre_padding  mc_w.l(printfa.o)
    0x080053e2   0x080053e2   0x00000016   Code   RO         4310    i._snputc           mc_w.l(printfa.o)
    0x080053f8   0x080053f8   0x00000018   Code   RO           19    i.fputc             main.o
    0x08005410   0x08005410   0x0000034c   Code   RO           20    i.integrate_and_fuse_data  main.o
    0x0800575c   0x0800575c   0x0000036c   Code   RO           21    i.main              main.o
    0x08005ac8   0x08005ac8   0x0000004c   Code   RO         3723    i.parseGpsBuffer    gps.o
    0x08005b14   0x08005b14   0x00000250   Code   RO         3724    i.parseRMC          gps.o
    0x08005d64   0x08005d64   0x000000a0   Code   RO         3725    i.processGpsData    gps.o
    0x08005e04   0x08005e04   0x00000008   Data   RO         1572    .constdata          stm32f4xx_hal_dma.o
    0x08005e0c   0x08005e0c   0x00000010   Data   RO         3562    .constdata          system_stm32f4xx.o
    0x08005e1c   0x08005e1c   0x00000008   Data   RO         3563    .constdata          system_stm32f4xx.o
    0x08005e24   0x08005e24   0x00000040   Data   RO         4440    .constdata          mc_w.l(ctype_c.o)
    0x08005e64   0x08005e64   0x000000f8   Data   RO           25    .conststring        main.o
    0x08005f5c   0x08005f5c   0x00000020   Data   RO         4444    Region$$Table       anon$$obj.o


    Execution Region RW_IRAM1 (Exec base: 0x20000000, Load base: 0x08005f7c, Size: 0x00001068, Max: 0x0001c000, ABSOLUTE)

    Exec Addr    Load Addr    Size         Type   Attr      Idx    E Section Name        Object

    0x20000000   0x08005f7c   0x00000034   Data   RW           26    .data               main.o
    0x20000034   0x08005fb0   0x00000001   Data   RW          616    .data               stm32f4xx_it.o
    0x20000035   0x08005fb1   0x00000003   PAD
    0x20000038   0x08005fb4   0x0000000c   Data   RW         1999    .data               stm32f4xx_hal.o
    0x20000044   0x08005fc0   0x00000004   Data   RW         3564    .data               system_stm32f4xx.o
    0x20000048   0x08005fc4   0x0000000c   Data   RW         3605    .data               keller.o
    0x20000054   0x08005fd0   0x00000008   Data   RW         3669    .data               jy931.o
    0x2000005c   0x08005fd8   0x00000002   Data   RW         3729    .data               gps.o
    0x2000005e   0x08005fda   0x00000002   PAD
    0x20000060   0x08005fdc   0x00000014   Data   RW         3730    .data               gps.o
    0x20000074   0x08005ff0   0x00000030   Data   RW         3896    .data               switch.o
    0x200000a4   0x08006020   0x00000004   Data   RW         4059    .data               mc_w.l(strtok.o)
    0x200000a8   0x08006024   0x00000004   Data   RW         4386    .data               mc_w.l(stdout.o)
    0x200000ac   0x08006028   0x00000004   Data   RW         4396    .data               mc_w.l(errno.o)
    0x200000b0        -       0x00000052   Zero   RW           23    .bss                main.o
    0x20000102   0x0800602c   0x00000002   PAD
    0x20000104        -       0x000000a8   Zero   RW          288    .bss                adc.o
    0x200001ac        -       0x00000168   Zero   RW          358    .bss                tim.o
    0x20000314        -       0x00000290   Zero   RW          423    .bss                usart.o
    0x200005a4        -       0x00000014   Zero   RW         3604    .bss                keller.o
    0x200005b8        -       0x00000048   Zero   RW         3665    .bss                jy931.o
    0x20000600        -       0x0000042b   Zero   RW         3726    .bss                gps.o
    0x20000a2b   0x0800602c   0x00000001   PAD
    0x20000a2c        -       0x0000023a   Zero   RW         3727    .bss                gps.o
    0x20000c66   0x0800602c   0x00000002   PAD
    0x20000c68        -       0x00000400   Zero   RW            1    STACK               startup_stm32f405xx.o


    Execution Region RW_IRAM2 (Exec base: 0x2001c000, Load base: 0x0800602c, Size: 0x00000000, Max: 0x00004000, ABSOLUTE)

    **** No section assigned to this execution region ****


==============================================================================

Image component sizes


      Code (inc. data)   RO Data    RW Data    ZI Data      Debug   Object Name

       356         34          0          0        168       1963   adc.o
       480         20          0          0          0       5965   dht11.o
       124          4          0          0          0        894   dma.o
       224         16          0          0          0       1047   gpio.o
       984        484          0         22       1637       5234   gps.o
       232         38          0          8         72       6069   jy931.o
       548         62          0         12         20       5509   keller.o
      2232        620        248         52         82     673302   main.o
       596        146          0          0          0       3647   motor.o
        36          8        392          0       1024        852   startup_stm32f405xx.o
       180         28          0         12          0       9613   stm32f4xx_hal.o
      1502         66          0          0          0       8742   stm32f4xx_hal_adc.o
         2          0          0          0          0       1033   stm32f4xx_hal_adc_ex.o
       198         14          0          0          0      34107   stm32f4xx_hal_cortex.o
      1088         16          8          0          0       8193   stm32f4xx_hal_dma.o
       532         46          0          0          0       3628   stm32f4xx_hal_gpio.o
        48          6          0          0          0        906   stm32f4xx_hal_msp.o
      1344         72          0          0          0       5400   stm32f4xx_hal_rcc.o
      1268        102          0          0          0      11874   stm32f4xx_hal_tim.o
       148         28          0          0          0       2561   stm32f4xx_hal_tim_ex.o
      2634         30          0          0          0      19849   stm32f4xx_hal_uart.o
       764        238          0          1          0      16101   stm32f4xx_it.o
        52          6          0         48          0       1463   switch.o
        16          4         24          4          0       1207   system_stm32f4xx.o
       712         66          0          0        360       4678   tim.o
       880         78          0          0        656     595002   usart.o

    ----------------------------------------------------------------------
     17220       2232        704        164       4024    1428839   Object Totals
         0          0         32          0          0          0   (incl. Generated)
        40          0          0          5          5          0   (incl. Padding)

    ----------------------------------------------------------------------

      Code (inc. data)   RO Data    RW Data    ZI Data      Debug   Library Member Name

        56         12          0          0          0        132   atof.o
        56          8          0          0          0         84   __0sscanf.o
       812          4          0          0          0        112   _scanf.o
       224          0          0          0          0         96   _scanf_str.o
        64          0          0          0          0         84   _sgetc.o
        40          6         64          0          0         68   ctype_c.o
         0          0          0          0          0          0   entry.o
         0          0          0          0          0          0   entry10a.o
         0          0          0          0          0          0   entry11a.o
         8          4          0          0          0          0   entry2.o
         4          0          0          0          0          0   entry5.o
         0          0          0          0          0          0   entry7b.o
         0          0          0          0          0          0   entry8b.o
         8          4          0          0          0          0   entry9a.o
        24         12          0          4          0        136   errno.o
        30          0          0          0          0          0   handlers.o
        36          8          0          0          0         68   init.o
        10          0          0          0          0         68   isspace_c.o
         0          0          0          0          0          0   iusefp.o
        30          0          0          0          0         68   llshl.o
        36          0          0          0          0         68   llsshr.o
        32          0          0          0          0         68   llushr.o
        36          0          0          0          0         68   memcpya.o
        36          0          0          0          0        108   memseta.o
      2288         94          0          0          0        596   printfa.o
        40          8          0          0          0         84   scanf_char.o
       838         12          0          0          0        216   scanf_fp.o
         0          0          0          4          0          0   stdout.o
        14          0          0          0          0         68   strlen.o
        30          0          0          0          0         80   strncmp.o
        36          0          0          0          0         80   strstr.o
       156         14          0          0          0        120   strtod.o
        68          6          0          4          0         80   strtok.o
        44          0          0          0          0         80   uidiv.o
        98          0          0          0          0         92   uldiv.o
        48          0          0          0          0         68   cdrcmple.o
        56          0          0          0          0         88   d2f.o
       334          0          0          0          0        148   dadd.o
       222          0          0          0          0        100   ddiv.o
       186          0          0          0          0        176   depilogue.o
        48          0          0          0          0         68   dfixul.o
        24          0          0          0          0         76   dfltul.o
       228          0          0          0          0         96   dmul.o
        38          0          0          0          0         68   f2d.o
       110          0          0          0          0        168   fepilogue.o

    ----------------------------------------------------------------------
      6456        192         64         12          0       3780   Library Totals
         8          0          0          0          0          0   (incl. Padding)

    ----------------------------------------------------------------------

      Code (inc. data)   RO Data    RW Data    ZI Data      Debug   Library Name

        56         12          0          0          0        132   m_wm.l
      5098        180         64         12          0       2592   mc_w.l
      1294          0          0          0          0       1056   mf_w.l

    ----------------------------------------------------------------------
      6456        192         64         12          0       3780   Library Totals

    ----------------------------------------------------------------------

==============================================================================


      Code (inc. data)   RO Data    RW Data    ZI Data      Debug   

     23676       2424        768        176       4024    1415499   Grand Totals
     23676       2424        768        176       4024    1415499   ELF Image Totals
     23676       2424        768        176          0          0   ROM Totals

==============================================================================

    Total RO  Size (Code + RO Data)                24444 (  23.87kB)
    Total RW  Size (RW Data + ZI Data)              4200 (   4.10kB)
    Total ROM Size (Code + RO Data + RW Data)      24620 (  24.04kB)

==============================================================================

